<html>
<body>
<pre>
<h1>礦ision Build Log</h1>
<h2>Tool Versions:</h2>
IDE-Version: μVision V5.25.2.0
Copyright (C) 2018 ARM Ltd and ARM Germany GmbH. All rights reserved.
License Information: 1111 PC, 111, LIC=MPPAR-KW19F-8FKIE-50EY4-1QV68-SF0F5
 
Tool Versions:
Toolchain:       MDK-ARM Plus  Version: 5.25.2.0
Toolchain Path:  D:\Keil_v5\ARM\ARMCC\Bin
C Compiler:      Armcc.exe V5.06 update 6 (build 750)
Assembler:       Armasm.exe V5.06 update 6 (build 750)
Linker/Locator:  ArmLink.exe V5.06 update 6 (build 750)
Library Manager: ArmAr.exe V5.06 update 6 (build 750)
Hex Converter:   FromElf.exe V5.06 update 6 (build 750)
CPU DLL:         SARMCM3.DLL V5.25.2.0
Dialog DLL:      DCM.DLL V1.17.1.0
Target DLL:      STLink\ST-LINKIII-KEIL_SWO.dll V3.0.1.0
Dialog DLL:      TCM.DLL V1.35.1.0
 
<h2>Project:</h2>
F:\毕业设计\Project\RVMDK（uv5）\Fire_F103ZE.uvprojx
Project File Date:  05/07/2025

<h2>Output:</h2>
*** Using Compiler 'V5.06 update 6 (build 750)', folder: 'D:\Keil_v5\ARM\ARMCC\Bin'
Rebuild target 'ESP8266'
assembling startup_stm32f10x_hd.s...
compiling misc.c...
compiling system_stm32f10x.c...
compiling stm32f10x_adc.c...
compiling stm32f10x_bkp.c...
compiling core_cm3.c...
compiling stm32f10x_can.c...
compiling stm32f10x_cec.c...
compiling stm32f10x_crc.c...
compiling stm32f10x_dac.c...
compiling stm32f10x_dbgmcu.c...
compiling stm32f10x_dma.c...
compiling stm32f10x_exti.c...
compiling stm32f10x_fsmc.c...
compiling stm32f10x_flash.c...
compiling stm32f10x_gpio.c...
compiling stm32f10x_iwdg.c...
compiling stm32f10x_i2c.c...
compiling stm32f10x_pwr.c...
compiling stm32f10x_rtc.c...
compiling stm32f10x_rcc.c...
compiling stm32f10x_sdio.c...
compiling stm32f10x_spi.c...
compiling stm32f10x_wwdg.c...
compiling stm32f10x_tim.c...
compiling stm32f10x_usart.c...
compiling bsp_led.c...
compiling main.c...
..\..\User\main.c(59): warning:  #177-D: variable "i"  was declared but never referenced
  	uint16_t i,j;
..\..\User\main.c(59): warning:  #177-D: variable "j"  was declared but never referenced
  	uint16_t i,j;
..\..\User\main.c(61): warning:  #177-D: variable "key_val"  was declared but never referenced
  		uint8_t key_val;
..\..\User\main.c(64): warning:  #177-D: variable "param"  was declared but never referenced
      char* param = "led";  /* 初始化嘀嗒定时器 */
..\..\User\main.c: 4 warnings, 0 errors
compiling stm32f10x_it.c...
compiling bsp_usart.c...
..\..\User\usart\bsp_usart.c(18): warning:  #177-D: function "NVIC_Configuration"  was declared but never referenced
  static void NVIC_Configuration(void)
..\..\User\usart\bsp_usart.c: 1 warning, 0 errors
compiling oled.c...
compiling bsp_key.c...
compiling exti.c...
..\..\User\MAX485\exti.c(255): warning:  #177-D: variable "EXTI_InitStructure"  was declared but never referenced
  	EXTI_InitTypeDef EXTI_InitStructure;
..\..\User\MAX485\exti.c: 1 warning, 0 errors
compiling timer.c...
compiling bsp_esp8266.c...
..\..\User\ESP8266\bsp_esp8266.c(54): warning:  #177-D: function "ESP8266_GPIO_Config_FLOATING"  was declared but never referenced
  static void ESP8266_GPIO_Config_FLOATING ( void )
..\..\User\ESP8266\bsp_esp8266.c: 1 warning, 0 errors
compiling bsp_esp8266_test.c...
compiling bsp_gps.c...
..\..\User\GPS\bsp_gps.c(234): warning:  #181-D: argument is incompatible with corresponding format string conversion
  		sscanf((char*)temp_buff, "%d", &temp);  gps_time.set_hours = temp;
..\..\User\GPS\bsp_gps.c(236): warning:  #181-D: argument is incompatible with corresponding format string conversion
  		sscanf((char*)temp_buff, "%d", &temp);  gps_time.set_minutes = temp;
..\..\User\GPS\bsp_gps.c(238): warning:  #181-D: argument is incompatible with corresponding format string conversion
  		sscanf((char*)temp_buff, "%d", &temp);	gps_time.set_seconds = temp;
..\..\User\GPS\bsp_gps.c(253): warning:  #181-D: argument is incompatible with corresponding format string conversion
  						sscanf((char*)temp_buff, "%d",&temp );gps_time.set_day = temp;     //	printf("1:%d \r\n",set_rtc_time.set_day);
..\..\User\GPS\bsp_gps.c(255): warning:  #181-D: argument is incompatible with corresponding format string conversion
  						sscanf((char*)temp_buff, "%d", &temp); gps_time.set_month = temp;// printf("2:%d \r\n",set_rtc_time.set_month); 
..\..\User\GPS\bsp_gps.c(257): warning:  #181-D: argument is incompatible with corresponding format string conversion
  						sscanf((char*)temp_buff, "%d", &temp); gps_time.set_years =temp;
..\..\User\GPS\bsp_gps.c(346): warning:  #223-D: function "floor" declared implicitly
                      float degrees = floor(coord / 100);
..\..\User\GPS\bsp_gps.c(364): warning:  #223-D: function "floor" declared implicitly
                      float degrees = floor(coord / 100);
..\..\User\GPS\bsp_gps.c(327): warning:  #550-D: variable "field_start"  was set but never used
      uint8_t field_start = 7; // ?????????
..\..\User\GPS\bsp_gps.c: 9 warnings, 0 errors
compiling sys.c...
compiling core_delay.c...
compiling bsp_SysTick.c...
compiling Common.c...
linking...
Program Size: Code=25352 RO-data=2564 RW-data=632 ZI-data=3912  
FromELF: creating hex file...
"..\..\Output\Template.axf" - 0 Error(s), 16 Warning(s).

<h2>Software Packages used:</h2>

Package Vendor: Keil
                https://www.keil.com/pack/Keil.STM32F1xx_DFP.2.4.1.pack
                Keil.STM32F1xx_DFP.2.4.1
                STMicroelectronics STM32F1 Series Device Support, Drivers and Examples

<h2>Collection of Component include folders:</h2>
  .\RTE\_ESP8266
  D:\Keil_v5\ARM\PACK\Keil\STM32F1xx_DFP\2.4.1\Device\Include

<h2>Collection of Component Files used:</h2>
Build Time Elapsed:  00:00:08
</pre>
</body>
</html>
