Component: ARM Compiler 5.06 update 6 (build 750) Tool: armlink [4d35ed]

==============================================================================

Section Cross References

    startup_stm32f10x_hd.o(RESET) refers to startup_stm32f10x_hd.o(STACK) for __initial_sp
    startup_stm32f10x_hd.o(RESET) refers to startup_stm32f10x_hd.o(.text) for Reset_Handler
    startup_stm32f10x_hd.o(RESET) refers to stm32f10x_it.o(.text) for NMI_Handler
    startup_stm32f10x_hd.o(RESET) refers to bsp_gps.o(.text) for EXTI9_5_IRQHandler
    startup_stm32f10x_hd.o(RESET) refers to timer.o(.text) for TIM1_UP_IRQHandler
    startup_stm32f10x_hd.o(.text) refers to system_stm32f10x.o(.text) for SystemInit
    startup_stm32f10x_hd.o(.text) refers to entry.o(.ARM.Collect$$$$00000000) for __main
    system_stm32f10x.o(.text) refers to system_stm32f10x.o(.data) for SystemCoreClock
    stm32f10x_adc.o(.text) refers to stm32f10x_rcc.o(.text) for RCC_APB2PeriphResetCmd
    stm32f10x_bkp.o(.text) refers to stm32f10x_rcc.o(.text) for RCC_BackupResetCmd
    stm32f10x_can.o(.text) refers to stm32f10x_rcc.o(.text) for RCC_APB1PeriphResetCmd
    stm32f10x_cec.o(.text) refers to stm32f10x_rcc.o(.text) for RCC_APB1PeriphResetCmd
    stm32f10x_dac.o(.text) refers to stm32f10x_rcc.o(.text) for RCC_APB1PeriphResetCmd
    stm32f10x_gpio.o(.text) refers to stm32f10x_rcc.o(.text) for RCC_APB2PeriphResetCmd
    stm32f10x_i2c.o(.text) refers to stm32f10x_rcc.o(.text) for RCC_APB1PeriphResetCmd
    stm32f10x_pwr.o(.text) refers to stm32f10x_rcc.o(.text) for RCC_APB1PeriphResetCmd
    stm32f10x_rcc.o(.text) refers to stm32f10x_rcc.o(.data) for APBAHBPrescTable
    stm32f10x_spi.o(.text) refers to stm32f10x_rcc.o(.text) for RCC_APB2PeriphResetCmd
    stm32f10x_tim.o(.text) refers to stm32f10x_rcc.o(.text) for RCC_APB2PeriphResetCmd
    stm32f10x_usart.o(.text) refers to stm32f10x_rcc.o(.text) for RCC_APB2PeriphResetCmd
    stm32f10x_wwdg.o(.text) refers to stm32f10x_rcc.o(.text) for RCC_APB1PeriphResetCmd
    main.o(.text) refers to core_delay.o(.text) for CPU_TS_Tmr_Delay_US
    main.o(.text) refers to misc.o(.text) for NVIC_PriorityGroupConfig
    main.o(.text) refers to bsp_systick.o(.text) for SysTick_Init
    main.o(.text) refers to bsp_usart.o(.text) for USART_Config
    main.o(.text) refers to printfa.o(i.__0printf) for __2printf
    main.o(.text) refers to oled.o(.text) for OLED_Init
    main.o(.text) refers to bsp_esp8266.o(.text) for ESP8266_Init
    main.o(.text) refers to bsp_esp8266_test.o(.text) for ESP8266_StaTcpClient_Unvarnish_ConfigTest
    main.o(.text) refers to bsp_gps.o(.text) for gps_uart_init
    main.o(.text) refers to timer.o(.text) for TIM3_timer_Init
    main.o(.text) refers to exti.o(.text) for IrDa_Resive_Init
    main.o(.text) refers to ffixui.o(.text) for __aeabi_f2uiz
    main.o(.text) refers to printfa.o(i.__0sprintf) for __2sprintf
    main.o(.text) refers to f2d.o(.text) for __aeabi_f2d
    main.o(.text) refers to main.o(.data) for gps_send_pps_buff
    main.o(.text) refers to bsp_gps.o(.data) for gps_get_time_date_flag
    main.o(.text) refers to stm32f10x_it.o(.data) for get_freq
    main.o(.text) refers to bsp_gps.o(.bss) for gps_time
    main.o(.text) refers to main.o(.bss) for str_buff
    stm32f10x_it.o(.text) refers to ffltui.o(.text) for __aeabi_ui2f
    stm32f10x_it.o(.text) refers to fdiv.o(.text) for __aeabi_fdiv
    stm32f10x_it.o(.text) refers to f2d.o(.text) for __aeabi_f2d
    stm32f10x_it.o(.text) refers to printfa.o(i.__0printf) for __2printf
    stm32f10x_it.o(.text) refers to stm32f10x_usart.o(.text) for USART_GetITStatus
    stm32f10x_it.o(.text) refers to strstr.o(.text) for strstr
    stm32f10x_it.o(.text) refers to stm32f10x_it.o(.data) for heart_task_time
    stm32f10x_it.o(.text) refers to timer.o(.data) for time_50ms_irq_cnt
    stm32f10x_it.o(.text) refers to bsp_esp8266.o(.bss) for strUSART_Fram_Record
    stm32f10x_it.o(.text) refers to bsp_esp8266_test.o(.data) for ucTcpClosedFlag
    bsp_led.o(.text) refers to stm32f10x_rcc.o(.text) for RCC_APB2PeriphClockCmd
    bsp_led.o(.text) refers to stm32f10x_gpio.o(.text) for GPIO_Init
    bsp_usart.o(.text) refers to misc.o(.text) for NVIC_Init
    bsp_usart.o(.text) refers to stm32f10x_rcc.o(.text) for RCC_APB2PeriphClockCmd
    bsp_usart.o(.text) refers to stm32f10x_gpio.o(.text) for GPIO_Init
    bsp_usart.o(.text) refers to stm32f10x_usart.o(.text) for USART_Init
    oled.o(.text) refers to stm32f10x_gpio.o(.text) for GPIO_SetBits
    oled.o(.text) refers to stm32f10x_rcc.o(.text) for RCC_APB2PeriphClockCmd
    oled.o(.text) refers to core_delay.o(.text) for CPU_TS_Tmr_Delay_US
    oled.o(.text) refers to oled.o(.constdata) for F8X16
    oled.o(.text) refers to oled.o(.data) for Hzk
    bsp_key.o(.text) refers to stm32f10x_rcc.o(.text) for RCC_APB2PeriphClockCmd
    bsp_key.o(.text) refers to stm32f10x_gpio.o(.text) for GPIO_Init
    bsp_key.o(.text) refers to core_delay.o(.text) for CPU_TS_Tmr_Delay_US
[...]
    fadd.o(.text) refers (Special) to iusefp.o(.text) for __I$use$fp
    fadd.o(.text) refers to fepilogue.o(.text) for _float_epilogue
    fmul.o(.text) refers (Special) to iusefp.o(.text) for __I$use$fp
    fdiv.o(.text) refers (Special) to iusefp.o(.text) for __I$use$fp
    fdiv.o(.text) refers to fepilogue.o(.text) for _float_round
    fflti.o(.text) refers (Special) to iusefp.o(.text) for __I$use$fp
    fflti.o(.text) refers to fepilogue.o(.text) for _float_epilogue
    ffltui.o(.text) refers (Special) to iusefp.o(.text) for __I$use$fp
    ffltui.o(.text) refers to fepilogue.o(.text) for _float_epilogue
    ffixui.o(.text) refers (Special) to iusefp.o(.text) for __I$use$fp
    f2d.o(.text) refers (Special) to iusefp.o(.text) for __I$use$fp
    entry2.o(.ARM.Collect$$$$00000001) refers to entry2.o(.ARM.Collect$$$$00002712) for __lit__00000000
    entry2.o(.ARM.Collect$$$$00002712) refers to startup_stm32f10x_hd.o(STACK) for __initial_sp
    entry2.o(__vectab_stack_and_reset_area) refers to startup_stm32f10x_hd.o(STACK) for __initial_sp
    entry2.o(__vectab_stack_and_reset_area) refers to entry.o(.ARM.Collect$$$$00000000) for __main
    entry5.o(.ARM.Collect$$$$00000004) refers to init.o(.text) for __scatterload
    entry9a.o(.ARM.Collect$$$$0000000B) refers to main.o(.text) for main
    entry9b.o(.ARM.Collect$$$$0000000C) refers to main.o(.text) for main
    uldiv.o(.text) refers to llushr.o(.text) for __aeabi_llsr
    uldiv.o(.text) refers to llshl.o(.text) for __aeabi_llsl
    scanf_char.o(.text) refers to _scanf.o(.text) for __vfscanf
    scanf_char.o(.text) refers to isspace_c.o(.text) for isspace
    dadd.o(.text) refers to llshl.o(.text) for __aeabi_llsl
    dadd.o(.text) refers to llsshr.o(.text) for __aeabi_lasr
    dadd.o(.text) refers to depilogue.o(.text) for _double_epilogue
    dmul.o(.text) refers to depilogue.o(.text) for _double_epilogue
    ddiv.o(.text) refers to depilogue.o(.text) for _double_round
    dfltul.o(.text) refers to depilogue.o(.text) for _double_epilogue
    dfixul.o(.text) refers to llushr.o(.text) for __aeabi_llsr
    dfixul.o(.text) refers to llshl.o(.text) for __aeabi_llsl
    d2f.o(.text) refers to fepilogue.o(.text) for _float_round
    init.o(.text) refers to entry5.o(.ARM.Collect$$$$00000004) for __main_after_scatterload
    isspace_c.o(.text) refers to ctype_c.o(.text) for __ctype_lookup
    _scanf.o(.text) refers (Weak) to scanf_fp.o(.text) for _scanf_real
    _scanf.o(.text) refers (Weak) to _scanf_int.o(.text) for _scanf_int
    depilogue.o(.text) refers to llshl.o(.text) for __aeabi_llsl
    depilogue.o(.text) refers to llushr.o(.text) for __aeabi_llsr
    ctype_c.o(.text) refers to ctype_c.o(.constdata) for .constdata
    scanf_fp.o(i._is_digit) refers (Special) to iusefp.o(.text) for __I$use$fp


==============================================================================

Removing Unused input sections from the image.

    Removing startup_stm32f10x_hd.o(HEAP), (512 bytes).
    Removing core_cm3.o(.emb_text), (32 bytes).
    Removing stm32f10x_adc.o(.text), (1102 bytes).
    Removing stm32f10x_bkp.o(.text), (196 bytes).
    Removing stm32f10x_can.o(.text), (2544 bytes).
    Removing stm32f10x_cec.o(.text), (288 bytes).
    Removing stm32f10x_crc.o(.text), (72 bytes).
    Removing stm32f10x_dac.o(.text), (396 bytes).
    Removing stm32f10x_dbgmcu.o(.text), (48 bytes).
    Removing stm32f10x_dma.o(.text), (596 bytes).
    Removing stm32f10x_flash.o(.text), (1468 bytes).
    Removing stm32f10x_fsmc.o(.text), (1548 bytes).
    Removing stm32f10x_i2c.o(.text), (1028 bytes).
    Removing stm32f10x_iwdg.o(.text), (64 bytes).
    Removing stm32f10x_pwr.o(.text), (204 bytes).
    Removing stm32f10x_rtc.o(.text), (328 bytes).
    Removing stm32f10x_sdio.o(.text), (468 bytes).
    Removing stm32f10x_spi.o(.text), (780 bytes).
    Removing stm32f10x_wwdg.o(.text), (136 bytes).
    Removing bsp_led.o(.text), (196 bytes).
    Removing bsp_key.o(.text), (752 bytes).
    Removing bsp_esp8266_test.o(.bss), (300 bytes).
    Removing sys.o(.text), (12 bytes).

23 unused section(s) (total 13070 bytes) removed from the image.

==============================================================================

Image Symbol Table

    Local Symbols

    Symbol Name                              Value     Ov Type        Size  Object(Section)

    ../clib/../cmprslib/zerorunl2.c          0x00000000   Number         0  __dczerorl2.o ABSOLUTE
    ../clib/microlib/ctype/ctype.c           0x00000000   Number         0  isspace_c.o ABSOLUTE
    ../clib/microlib/ctype/ctype.c           0x00000000   Number         0  ctype_c.o ABSOLUTE
    ../clib/microlib/division.c              0x00000000   Number         0  uidiv.o ABSOLUTE
    ../clib/microlib/division.c              0x00000000   Number         0  uldiv.o ABSOLUTE
    ../clib/microlib/init/entry.s            0x00000000   Number         0  entry9b.o ABSOLUTE
    ../clib/microlib/init/entry.s            0x00000000   Number         0  entry11b.o ABSOLUTE
    ../clib/microlib/init/entry.s            0x00000000   Number         0  entry11a.o ABSOLUTE
    ../clib/microlib/init/entry.s            0x00000000   Number         0  entry10a.o ABSOLUTE
    ../clib/microlib/init/entry.s            0x00000000   Number         0  entry9a.o ABSOLUTE
    ../clib/microlib/init/entry.s            0x00000000   Number         0  entry8b.o ABSOLUTE
    ../clib/microlib/init/entry.s            0x00000000   Number         0  entry8a.o ABSOLUTE
    ../clib/microlib/init/entry.s            0x00000000   Number         0  entry7b.o ABSOLUTE
    ../clib/microlib/init/entry.s            0x00000000   Number         0  entry7a.o ABSOLUTE
    ../clib/microlib/init/entry.s            0x00000000   Number         0  entry5.o ABSOLUTE
    ../clib/microlib/init/entry.s            0x00000000   Number         0  entry.o ABSOLUTE
    ../clib/microlib/init/entry.s            0x00000000   Number         0  entry2.o ABSOLUTE
    ../clib/microlib/init/entry.s            0x00000000   Number         0  entry10b.o ABSOLUTE
    ../clib/microlib/longlong.c              0x00000000   Number         0  llushr.o ABSOLUTE
    ../clib/microlib/longlong.c              0x00000000   Number         0  llshl.o ABSOLUTE
    ../clib/microlib/longlong.c              0x00000000   Number         0  llsshr.o ABSOLUTE
    ../clib/microlib/printf/printf.c         0x00000000   Number         0  printf6.o ABSOLUTE
    ../clib/microlib/printf/printf.c         0x00000000   Number         0  printf7.o ABSOLUTE
    ../clib/microlib/printf/printf.c         0x00000000   Number         0  printf1.o ABSOLUTE
    ../clib/microlib/printf/printf.c         0x00000000   Number         0  printf8.o ABSOLUTE
    ../clib/microlib/printf/printf.c         0x00000000   Number         0  printfa.o ABSOLUTE
    ../clib/microlib/printf/printf.c         0x00000000   Number         0  printfb.o ABSOLUTE
    ../clib/microlib/printf/printf.c         0x00000000   Number         0  printf0.o ABSOLUTE
    ../clib/microlib/printf/printf.c         0x00000000   Number         0  printf2.o ABSOLUTE
    ../clib/microlib/printf/printf.c         0x00000000   Number         0  printf3.o ABSOLUTE
    ../clib/microlib/printf/printf.c         0x00000000   Number         0  printf4.o ABSOLUTE
    ../clib/microlib/printf/printf.c         0x00000000   Number         0  printf5.o ABSOLUTE
    ../clib/microlib/printf/stubs.s          0x00000000   Number         0  stubs.o ABSOLUTE
    ../clib/microlib/stdio/streams.c         0x00000000   Number         0  stdout.o ABSOLUTE
    ../clib/microlib/string/memcpy.c         0x00000000   Number         0  memcpya.o ABSOLUTE
    ../clib/microlib/string/memcpy.c         0x00000000   Number         0  memcpyb.o ABSOLUTE
    ../clib/microlib/string/memset.c         0x00000000   Number         0  memseta.o ABSOLUTE
    ../clib/microlib/string/strncmp.c        0x00000000   Number         0  strncmp.o ABSOLUTE
    ../clib/microlib/string/strstr.c         0x00000000   Number         0  strstr.o ABSOLUTE
    ../clib/microlib/stubs.s                 0x00000000   Number         0  iusefp.o ABSOLUTE
    ../clib/scanf.c                          0x00000000   Number         0  __0sscanf.o ABSOLUTE
    ../clib/scanf.c                          0x00000000   Number         0  _chval.o ABSOLUTE
    ../clib/scanf.c                          0x00000000   Number         0  scanf_char.o ABSOLUTE
    ../clib/scanf.c                          0x00000000   Number         0  _sgetc.o ABSOLUTE
    ../clib/scanf.c                          0x00000000   Number         0  _scanf_int.o ABSOLUTE
    ../clib/scanf.c                          0x00000000   Number         0  scanf_fp.o ABSOLUTE
    ../clib/scanf.c                          0x00000000   Number         0  _scanf.o ABSOLUTE
    ../fplib/microlib/d2f.c                  0x00000000   Number         0  d2f.o ABSOLUTE
    ../fplib/microlib/f2d.c                  0x00000000   Number         0  f2d.o ABSOLUTE
    ../fplib/microlib/fpadd.c                0x00000000   Number         0  dadd.o ABSOLUTE
    ../fplib/microlib/fpadd.c                0x00000000   Number         0  fadd.o ABSOLUTE
    ../fplib/microlib/fpdiv.c                0x00000000   Number         0  ddiv.o ABSOLUTE
    ../fplib/microlib/fpdiv.c                0x00000000   Number         0  fdiv.o ABSOLUTE
    ../fplib/microlib/fpepilogue.c           0x00000000   Number         0  fepilogue.o ABSOLUTE
    ../fplib/microlib/fpepilogue.c           0x00000000   Number         0  depilogue.o ABSOLUTE
    ../fplib/microlib/fpfix.c                0x00000000   Number         0  ffixui.o ABSOLUTE
    ../fplib/microlib/fpfix.c                0x00000000   Number         0  dfixul.o ABSOLUTE
    ../fplib/microlib/fpflt.c                0x00000000   Number         0  dfltul.o ABSOLUTE
    ../fplib/microlib/fpflt.c                0x00000000   Number         0  ffltui.o ABSOLUTE
    ../fplib/microlib/fpflt.c                0x00000000   Number         0  fflti.o ABSOLUTE
    ../fplib/microlib/fpmul.c                0x00000000   Number         0  dmul.o ABSOLUTE
    ../fplib/microlib/fpmul.c                0x00000000   Number         0  fmul.o ABSOLUTE
    ../mathlib/floor.c                       0x00000000   Number         0  floor.o ABSOLUTE
    ..\..\Libraries\CMSIS\core_cm3.c         0x00000000   Number         0  core_cm3.o ABSOLUTE
    ..\..\Libraries\CMSIS\startup\startup_stm32f10x_hd.s 0x00000000   Number         0  startup_stm32f10x_hd.o ABSOLUTE
    ..\..\Libraries\CMSIS\system_stm32f10x.c 0x00000000   Number         0  system_stm32f10x.o ABSOLUTE
    ..\..\Libraries\FWlib\src\misc.c         0x00000000   Number         0  misc.o ABSOLUTE
    ..\..\Libraries\FWlib\src\stm32f10x_adc.c 0x00000000   Number         0  stm32f10x_adc.o ABSOLUTE
    ..\..\Libraries\FWlib\src\stm32f10x_bkp.c 0x00000000   Number         0  stm32f10x_bkp.o ABSOLUTE
    ..\..\Libraries\FWlib\src\stm32f10x_can.c 0x00000000   Number         0  stm32f10x_can.o ABSOLUTE
    ..\..\Libraries\FWlib\src\stm32f10x_cec.c 0x00000000   Number         0  stm32f10x_cec.o ABSOLUTE
    ..\..\Libraries\FWlib\src\stm32f10x_crc.c 0x00000000   Number         0  stm32f10x_crc.o ABSOLUTE
    ..\..\Libraries\FWlib\src\stm32f10x_dac.c 0x00000000   Number         0  stm32f10x_dac.o ABSOLUTE
    ..\..\Libraries\FWlib\src\stm32f10x_dbgmcu.c 0x00000000   Number         0  stm32f10x_dbgmcu.o ABSOLUTE
    ..\..\Libraries\FWlib\src\stm32f10x_dma.c 0x00000000   Number         0  stm32f10x_dma.o ABSOLUTE
    ..\..\Libraries\FWlib\src\stm32f10x_exti.c 0x00000000   Number         0  stm32f10x_exti.o ABSOLUTE
    ..\..\Libraries\FWlib\src\stm32f10x_flash.c 0x00000000   Number         0  stm32f10x_flash.o ABSOLUTE
    ..\..\Libraries\FWlib\src\stm32f10x_fsmc.c 0x00000000   Number         0  stm32f10x_fsmc.o ABSOLUTE
    ..\..\Libraries\FWlib\src\stm32f10x_gpio.c 0x00000000   Number         0  stm32f10x_gpio.o ABSOLUTE
    ..\..\Libraries\FWlib\src\stm32f10x_i2c.c 0x00000000   Number         0  stm32f10x_i2c.o ABSOLUTE
    ..\..\Libraries\FWlib\src\stm32f10x_iwdg.c 0x00000000   Number         0  stm32f10x_iwdg.o ABSOLUTE
    ..\..\Libraries\FWlib\src\stm32f10x_pwr.c 0x00000000   Number         0  stm32f10x_pwr.o ABSOLUTE
    ..\..\Libraries\FWlib\src\stm32f10x_rcc.c 0x00000000   Number         0  stm32f10x_rcc.o ABSOLUTE
    ..\..\Libraries\FWlib\src\stm32f10x_rtc.c 0x00000000   Number         0  stm32f10x_rtc.o ABSOLUTE
    ..\..\Libraries\FWlib\src\stm32f10x_sdio.c 0x00000000   Number         0  stm32f10x_sdio.o ABSOLUTE
    ..\..\Libraries\FWlib\src\stm32f10x_spi.c 0x00000000   Number         0  stm32f10x_spi.o ABSOLUTE
    ..\..\Libraries\FWlib\src\stm32f10x_tim.c 0x00000000   Number         0  stm32f10x_tim.o ABSOLUTE
    ..\..\Libraries\FWlib\src\stm32f10x_usart.c 0x00000000   Number         0  stm32f10x_usart.o ABSOLUTE
    ..\..\Libraries\FWlib\src\stm32f10x_wwdg.c 0x00000000   Number         0  stm32f10x_wwdg.o ABSOLUTE
    ..\..\User\Common\Common.c               0x00000000   Number         0  common.o ABSOLUTE
    ..\..\User\ESP8266\bsp_esp8266.c         0x00000000   Number         0  bsp_esp8266.o ABSOLUTE
    ..\..\User\ESP8266\bsp_esp8266_test.c    0x00000000   Number         0  bsp_esp8266_test.o ABSOLUTE
    ..\..\User\GPS\bsp_gps.c                 0x00000000   Number         0  bsp_gps.o ABSOLUTE
    ..\..\User\MAX485\exti.c                 0x00000000   Number         0  exti.o ABSOLUTE
    ..\..\User\OLED\oled.c                   0x00000000   Number         0  oled.o ABSOLUTE
    ..\..\User\SysTick\bsp_SysTick.c         0x00000000   Number         0  bsp_systick.o ABSOLUTE
    ..\..\User\dwt_delay\core_delay.c        0x00000000   Number         0  core_delay.o ABSOLUTE
    ..\..\User\led\bsp_key.c                 0x00000000   Number         0  bsp_key.o ABSOLUTE
    ..\..\User\led\bsp_led.c                 0x00000000   Number         0  bsp_led.o ABSOLUTE
    ..\..\User\main.c                        0x00000000   Number         0  main.o ABSOLUTE
    ..\..\User\stm32f10x_it.c                0x00000000   Number         0  stm32f10x_it.o ABSOLUTE
    ..\..\User\sys\sys.c                     0x00000000   Number         0  sys.o ABSOLUTE
    ..\..\User\timer\timer.c                 0x00000000   Number         0  timer.o ABSOLUTE
    ..\..\User\usart\bsp_usart.c             0x00000000   Number         0  bsp_usart.o ABSOLUTE
    ..\\..\\Libraries\\CMSIS\\core_cm3.c     0x00000000   Number         0  core_cm3.o ABSOLUTE
    cdrcmple.s                               0x00000000   Number         0  cdrcmple.o ABSOLUTE
    dc.s                                     0x00000000   Number         0  dc.o ABSOLUTE
    handlers.s                               0x00000000   Number         0  handlers.o ABSOLUTE
    init.s                                   0x00000000   Number         0  init.o ABSOLUTE
    RESET                                    0x08000000   Section      304  startup_stm32f10x_hd.o(RESET)
    .ARM.Collect$$$$00000000                 0x08000130   Section        0  entry.o(.ARM.Collect$$$$00000000)
    .ARM.Collect$$$$00000001                 0x08000130   Section        4  entry2.o(.ARM.Collect$$$$00000001)
    .ARM.Collect$$$$00000004                 0x08000134   Section        4  entry5.o(.ARM.Collect$$$$00000004)
    .ARM.Collect$$$$00000008                 0x08000138   Section        0  entry7b.o(.ARM.Collect$$$$00000008)
    .ARM.Collect$$$$0000000A                 0x08000138   Section        0  entry8b.o(.ARM.Collect$$$$0000000A)
    .ARM.Collect$$$$0000000B                 0x08000138   Section        8  entry9a.o(.ARM.Collect$$$$0000000B)
    .ARM.Collect$$$$0000000D                 0x08000140   Section        0  entry10a.o(.ARM.Collect$$$$0000000D)
    .ARM.Collect$$$$0000000F                 0x08000140   Section        0  entry11a.o(.ARM.Collect$$$$0000000F)
    .ARM.Collect$$$$00002712                 0x08000140   Section        4  entry2.o(.ARM.Collect$$$$00002712)
    __lit__00000000                          0x08000140   Data           4  entry2.o(.ARM.Collect$$$$00002712)
    .text                                    0x08000144   Section       36  startup_stm32f10x_hd.o(.text)
    .text                                    0x08000168   Section        0  system_stm32f10x.o(.text)
    SetSysClockTo72                          0x08000169   Thumb Code   214  system_stm32f10x.o(.text)
    SetSysClock                              0x0800023f   Thumb Code     8  system_stm32f10x.o(.text)
    .text                                    0x08000348   Section        0  misc.o(.text)
    .text                                    0x08000424   Section        0  stm32f10x_exti.o(.text)
    .text                                    0x08000540   Section        0  stm32f10x_gpio.o(.text)
    .text                                    0x0800089c   Section        0  stm32f10x_rcc.o(.text)
    .text                                    0x08000c40   Section        0  stm32f10x_tim.o(.text)
    TI4_Config                               0x080010e7   Thumb Code   130  stm32f10x_tim.o(.text)
    TI3_Config                               0x0800117b   Thumb Code   122  stm32f10x_tim.o(.text)
    TI2_Config                               0x0800120f   Thumb Code   130  stm32f10x_tim.o(.text)
    TI1_Config                               0x080012a3   Thumb Code   108  stm32f10x_tim.o(.text)
    .text                                    0x08001a5c   Section        0  stm32f10x_usart.o(.text)
    .text                                    0x08001e64   Section        0  main.o(.text)
    .text                                    0x08002120   Section        0  stm32f10x_it.o(.text)
    .text                                    0x08002344   Section        0  bsp_usart.o(.text)
    NVIC_Configuration                       0x08002345   Thumb Code    30  bsp_usart.o(.text)
    .text                                    0x080024d4   Section        0  oled.o(.text)
    .text                                    0x08002984   Section        0  exti.o(.text)
    NVIC_Configuration                       0x08002985   Thumb Code    32  exti.o(.text)
    NVIC2_Configuration                      0x080029a5   Thumb Code    32  exti.o(.text)
    .text                                    0x08002ac4   Section        0  timer.o(.text)
    .text                                    0x08003274   Section        0  bsp_esp8266.o(.text)
    ESP8266_USART_NVIC_Configuration         0x08003275   Thumb Code    34  bsp_esp8266.o(.text)
    ESP8266_USART_Config                     0x08003297   Thumb Code   148  bsp_esp8266.o(.text)
    ESP8266_GPIO_Config                      0x0800332b   Thumb Code    64  bsp_esp8266.o(.text)
    ESP8266_GPIO_Config_FLOATING             0x0800339b   Thumb Code    64  bsp_esp8266.o(.text)
    .text                                    0x08003b44   Section        0  bsp_esp8266_test.o(.text)
    .text                                    0x08003f94   Section        0  bsp_gps.o(.text)
    PPS_NVIC_Configuration                   0x0800403f   Thumb Code    32  bsp_gps.o(.text)
    .text                                    0x08004628   Section        0  bsp_systick.o(.text)
    .text                                    0x080046a0   Section        0  core_delay.o(.text)
    .text                                    0x0800471c   Section        0  common.o(.text)
    itoa                                     0x0800471d   Thumb Code    98  common.o(.text)
    .text                                    0x08004884   Section        0  memcpya.o(.text)
    .text                                    0x080048a8   Section        0  memseta.o(.text)
    .text                                    0x080048cc   Section        0  strstr.o(.text)
    .text                                    0x080048f0   Section        0  strncmp.o(.text)
    .text                                    0x08004910   Section        0  __0sscanf.o(.text)
    .text                                    0x08004948   Section        0  _scanf_int.o(.text)
    .text                                    0x08004a94   Section        0  scanf_fp.o(.text)
    _fp_value                                0x08004a95   Thumb Code   296  scanf_fp.o(.text)
    .text                                    0x08004df4   Section        0  fadd.o(.text)
    .text                                    0x08004ea4   Section        0  fmul.o(.text)
    .text                                    0x08004f08   Section        0  fdiv.o(.text)
    .text                                    0x08004f84   Section        0  fflti.o(.text)
    .text                                    0x08004f96   Section        0  ffltui.o(.text)
    .text                                    0x08004fa0   Section        0  ffixui.o(.text)
    .text                                    0x08004fc8   Section        0  f2d.o(.text)
    .text                                    0x08004fee   Section        0  uidiv.o(.text)
    .text                                    0x0800501a   Section        0  uldiv.o(.text)
    .text                                    0x0800507c   Section        0  _chval.o(.text)
    .text                                    0x08005098   Section        0  scanf_char.o(.text)
    _scanf_char_input                        0x08005099   Thumb Code    12  scanf_char.o(.text)
    .text                                    0x080050c0   Section        0  _sgetc.o(.text)
    .text                                    0x08005100   Section        0  iusefp.o(.text)
    .text                                    0x08005100   Section        0  fepilogue.o(.text)
    .text                                    0x0800516e   Section        0  dadd.o(.text)
    .text                                    0x080052bc   Section        0  dmul.o(.text)
    .text                                    0x080053a0   Section        0  ddiv.o(.text)
    .text                                    0x0800547e   Section        0  dfltul.o(.text)
    .text                                    0x08005496   Section        0  dfixul.o(.text)
    .text                                    0x080054c8   Section       48  cdrcmple.o(.text)
    .text                                    0x080054f8   Section        0  d2f.o(.text)
    .text                                    0x08005530   Section       36  init.o(.text)
    .text                                    0x08005554   Section        0  llshl.o(.text)
    .text                                    0x08005572   Section        0  llushr.o(.text)
    .text                                    0x08005592   Section        0  llsshr.o(.text)
    .text                                    0x080055b6   Section        0  isspace_c.o(.text)
    .text                                    0x080055c0   Section        0  _scanf.o(.text)
    .text                                    0x080058ec   Section        0  depilogue.o(.text)
    .text                                    0x080059a8   Section        0  ctype_c.o(.text)
    .text                                    0x080059d0   Section        0  __dczerorl2.o(.text)
    i.__0printf                              0x08005a28   Section        0  printfa.o(i.__0printf)
    i.__0sprintf                             0x08005a48   Section        0  printfa.o(i.__0sprintf)
    i.__scatterload_copy                     0x08005a70   Section       14  handlers.o(i.__scatterload_copy)
    i.__scatterload_null                     0x08005a7e   Section        2  handlers.o(i.__scatterload_null)
    i.__scatterload_zeroinit                 0x08005a80   Section       14  handlers.o(i.__scatterload_zeroinit)
    i._fp_digits                             0x08005a90   Section        0  printfa.o(i._fp_digits)
    _fp_digits                               0x08005a91   Thumb Code   366  printfa.o(i._fp_digits)
    i._is_digit                              0x08005c14   Section        0  scanf_fp.o(i._is_digit)
    i._printf_core                           0x08005c24   Section        0  printfa.o(i._printf_core)
    _printf_core                             0x08005c25   Thumb Code  1744  printfa.o(i._printf_core)
    i._printf_post_padding                   0x08006300   Section        0  printfa.o(i._printf_post_padding)
    _printf_post_padding                     0x08006301   Thumb Code    36  printfa.o(i._printf_post_padding)
    i._printf_pre_padding                    0x08006324   Section        0  printfa.o(i._printf_pre_padding)
    _printf_pre_padding                      0x08006325   Thumb Code    46  printfa.o(i._printf_pre_padding)
    i._sputc                                 0x08006352   Section        0  printfa.o(i._sputc)
    _sputc                                   0x08006353   Thumb Code    10  printfa.o(i._sputc)
    i.floor                                  0x0800635c   Section        0  floor.o(i.floor)
    .constdata                               0x08006438   Section     2072  oled.o(.constdata)
    .constdata                               0x08006c50   Section       64  ctype_c.o(.constdata)
    .conststring                             0x08006c90   Section       91  bsp_esp8266_test.o(.conststring)
    .data                                    0x20000000   Section       20  system_stm32f10x.o(.data)
    .data                                    0x20000014   Section       20  stm32f10x_rcc.o(.data)
    APBAHBPrescTable                         0x20000014   Data          16  stm32f10x_rcc.o(.data)
    ADCPrescTable                            0x20000024   Data           4  stm32f10x_rcc.o(.data)
    .data                                    0x20000028   Section       58  main.o(.data)
    .data                                    0x20000064   Section       16  stm32f10x_it.o(.data)
    .data                                    0x20000074   Section      448  oled.o(.data)
    .data                                    0x20000234   Section        8  timer.o(.data)
    .data                                    0x2000023c   Section       33  bsp_esp8266_test.o(.data)
    .data                                    0x20000260   Section       20  bsp_gps.o(.data)
    .data                                    0x20000274   Section        4  stdout.o(.data)
    .bss                                     0x20000278   Section      300  main.o(.bss)
    .bss                                     0x200003a4   Section       10  timer.o(.bss)
    .bss                                     0x200003ae   Section     2052  bsp_esp8266.o(.bss)
    .bss                                     0x20000bb4   Section      520  bsp_gps.o(.bss)
    STACK                                    0x20000dc0   Section     1024  startup_stm32f10x_hd.o(STACK)

    Global Symbols

    Symbol Name                              Value     Ov Type        Size  Object(Section)

    BuildAttributes$$THM_ISAv4$P$D$K$B$S$PE$A:L22UL41UL21$X:L11$S22US41US21$IEEE1$IW$USESV6$~STKCKD$USESV7$~SHL$OTIME$ROPI$IEEEJ$EBA8$MICROLIB$REQ8$PRES8$EABIv2 0x00000000   Number         0  anon$$obj.o ABSOLUTE
    __ARM_use_no_argv                        0x00000000   Number         0  main.o ABSOLUTE
    _printf_a                                0x00000000   Number         0  stubs.o ABSOLUTE
    _printf_c                                0x00000000   Number         0  stubs.o ABSOLUTE
    _printf_charcount                        0x00000000   Number         0  stubs.o ABSOLUTE
    _printf_d                                0x00000000   Number         0  stubs.o ABSOLUTE
    _printf_e                                0x00000000   Number         0  stubs.o ABSOLUTE
    _printf_f                                0x00000000   Number         0  stubs.o ABSOLUTE
    _printf_flags                            0x00000000   Number         0  stubs.o ABSOLUTE
    _printf_fp_dec                           0x00000000   Number         0  stubs.o ABSOLUTE
    _printf_fp_hex                           0x00000000   Number         0  stubs.o ABSOLUTE
    _printf_g                                0x00000000   Number         0  stubs.o ABSOLUTE
    _printf_i                                0x00000000   Number         0  stubs.o ABSOLUTE
    _printf_int_dec                          0x00000000   Number         0  stubs.o ABSOLUTE
    _printf_l                                0x00000000   Number         0  stubs.o ABSOLUTE
    _printf_lc                               0x00000000   Number         0  stubs.o ABSOLUTE
    _printf_ll                               0x00000000   Number         0  stubs.o ABSOLUTE
    _printf_lld                              0x00000000   Number         0  stubs.o ABSOLUTE
    _printf_lli                              0x00000000   Number         0  stubs.o ABSOLUTE
    _printf_llo                              0x00000000   Number         0  stubs.o ABSOLUTE
    _printf_llu                              0x00000000   Number         0  stubs.o ABSOLUTE
    _printf_llx                              0x00000000   Number         0  stubs.o ABSOLUTE
    _printf_longlong_dec                     0x00000000   Number         0  stubs.o ABSOLUTE
    _printf_longlong_hex                     0x00000000   Number         0  stubs.o ABSOLUTE
    _printf_longlong_oct                     0x00000000   Number         0  stubs.o ABSOLUTE
    _printf_ls                               0x00000000   Number         0  stubs.o ABSOLUTE
    _printf_mbtowc                           0x00000000   Number         0  stubs.o ABSOLUTE
    _printf_n                                0x00000000   Number         0  stubs.o ABSOLUTE
    _printf_o                                0x00000000   Number         0  stubs.o ABSOLUTE
    _printf_p                                0x00000000   Number         0  stubs.o ABSOLUTE
    _printf_percent                          0x00000000   Number         0  stubs.o ABSOLUTE
    _printf_pre_padding                      0x00000000   Number         0  stubs.o ABSOLUTE
    _printf_return_value                     0x00000000   Number         0  stubs.o ABSOLUTE
    _printf_s                                0x00000000   Number         0  stubs.o ABSOLUTE
    _printf_sizespec                         0x00000000   Number         0  stubs.o ABSOLUTE
    _printf_str                              0x00000000   Number         0  stubs.o ABSOLUTE
    _printf_truncate_signed                  0x00000000   Number         0  stubs.o ABSOLUTE
    _printf_truncate_unsigned                0x00000000   Number         0  stubs.o ABSOLUTE
    _printf_u                                0x00000000   Number         0  stubs.o ABSOLUTE
    _printf_wc                               0x00000000   Number         0  stubs.o ABSOLUTE
    _printf_wctomb                           0x00000000   Number         0  stubs.o ABSOLUTE
    _printf_widthprec                        0x00000000   Number         0  stubs.o ABSOLUTE
    _printf_x                                0x00000000   Number         0  stubs.o ABSOLUTE
    __cpp_initialize__aeabi_                  - Undefined Weak Reference
    __cxa_finalize                            - Undefined Weak Reference
    _clock_init                               - Undefined Weak Reference
    _microlib_exit                            - Undefined Weak Reference
    _scanf_longlong                           - Undefined Weak Reference
    _scanf_string                             - Undefined Weak Reference
    __Vectors_Size                           0x00000130   Number         0  startup_stm32f10x_hd.o ABSOLUTE
    __Vectors                                0x08000000   Data           4  startup_stm32f10x_hd.o(RESET)
    __Vectors_End                            0x08000130   Data           0  startup_stm32f10x_hd.o(RESET)
    __main                                   0x08000131   Thumb Code     0  entry.o(.ARM.Collect$$$$00000000)
    _main_stk                                0x08000131   Thumb Code     0  entry2.o(.ARM.Collect$$$$00000001)
    _main_scatterload                        0x08000135   Thumb Code     0  entry5.o(.ARM.Collect$$$$00000004)
    __main_after_scatterload                 0x08000139   Thumb Code     0  entry5.o(.ARM.Collect$$$$00000004)
    _main_clock                              0x08000139   Thumb Code     0  entry7b.o(.ARM.Collect$$$$00000008)
    _main_cpp_init                           0x08000139   Thumb Code     0  entry8b.o(.ARM.Collect$$$$0000000A)
    _main_init                               0x08000139   Thumb Code     0  entry9a.o(.ARM.Collect$$$$0000000B)
    __rt_final_cpp                           0x08000141   Thumb Code     0  entry10a.o(.ARM.Collect$$$$0000000D)
    __rt_final_exit                          0x08000141   Thumb Code     0  entry11a.o(.ARM.Collect$$$$0000000F)
    Reset_Handler                            0x08000145   Thumb Code     8  startup_stm32f10x_hd.o(.text)
    ADC1_2_IRQHandler                        0x0800015f   Thumb Code     0  startup_stm32f10x_hd.o(.text)
    ADC3_IRQHandler                          0x0800015f   Thumb Code     0  startup_stm32f10x_hd.o(.text)
    CAN1_RX1_IRQHandler                      0x0800015f   Thumb Code     0  startup_stm32f10x_hd.o(.text)
    CAN1_SCE_IRQHandler                      0x0800015f   Thumb Code     0  startup_stm32f10x_hd.o(.text)
    DMA1_Channel1_IRQHandler                 0x0800015f   Thumb Code     0  startup_stm32f10x_hd.o(.text)
    DMA1_Channel2_IRQHandler                 0x0800015f   Thumb Code     0  startup_stm32f10x_hd.o(.text)
    DMA1_Channel3_IRQHandler                 0x0800015f   Thumb Code     0  startup_stm32f10x_hd.o(.text)
    DMA1_Channel4_IRQHandler                 0x0800015f   Thumb Code     0  startup_stm32f10x_hd.o(.text)
    DMA1_Channel5_IRQHandler                 0x0800015f   Thumb Code     0  startup_stm32f10x_hd.o(.text)
    DMA1_Channel6_IRQHandler                 0x0800015f   Thumb Code     0  startup_stm32f10x_hd.o(.text)
    DMA1_Channel7_IRQHandler                 0x0800015f   Thumb Code     0  startup_stm32f10x_hd.o(.text)
    DMA2_Channel1_IRQHandler                 0x0800015f   Thumb Code     0  startup_stm32f10x_hd.o(.text)
    DMA2_Channel2_IRQHandler                 0x0800015f   Thumb Code     0  startup_stm32f10x_hd.o(.text)
    DMA2_Channel3_IRQHandler                 0x0800015f   Thumb Code     0  startup_stm32f10x_hd.o(.text)
    DMA2_Channel4_5_IRQHandler               0x0800015f   Thumb Code     0  startup_stm32f10x_hd.o(.text)
    EXTI0_IRQHandler                         0x0800015f   Thumb Code     0  startup_stm32f10x_hd.o(.text)
    EXTI15_10_IRQHandler                     0x0800015f   Thumb Code     0  startup_stm32f10x_hd.o(.text)
    EXTI2_IRQHandler                         0x0800015f   Thumb Code     0  startup_stm32f10x_hd.o(.text)
    EXTI4_IRQHandler                         0x0800015f   Thumb Code     0  startup_stm32f10x_hd.o(.text)
    FLASH_IRQHandler                         0x0800015f   Thumb Code     0  startup_stm32f10x_hd.o(.text)
    FSMC_IRQHandler                          0x0800015f   Thumb Code     0  startup_stm32f10x_hd.o(.text)
    I2C1_ER_IRQHandler                       0x0800015f   Thumb Code     0  startup_stm32f10x_hd.o(.text)
    I2C1_EV_IRQHandler                       0x0800015f   Thumb Code     0  startup_stm32f10x_hd.o(.text)
    I2C2_ER_IRQHandler                       0x0800015f   Thumb Code     0  startup_stm32f10x_hd.o(.text)
    I2C2_EV_IRQHandler                       0x0800015f   Thumb Code     0  startup_stm32f10x_hd.o(.text)
    PVD_IRQHandler                           0x0800015f   Thumb Code     0  startup_stm32f10x_hd.o(.text)
    RCC_IRQHandler                           0x0800015f   Thumb Code     0  startup_stm32f10x_hd.o(.text)
    RTCAlarm_IRQHandler                      0x0800015f   Thumb Code     0  startup_stm32f10x_hd.o(.text)
    RTC_IRQHandler                           0x0800015f   Thumb Code     0  startup_stm32f10x_hd.o(.text)
    SDIO_IRQHandler                          0x0800015f   Thumb Code     0  startup_stm32f10x_hd.o(.text)
    SPI1_IRQHandler                          0x0800015f   Thumb Code     0  startup_stm32f10x_hd.o(.text)
    SPI2_IRQHandler                          0x0800015f   Thumb Code     0  startup_stm32f10x_hd.o(.text)
    SPI3_IRQHandler                          0x0800015f   Thumb Code     0  startup_stm32f10x_hd.o(.text)
    TAMPER_IRQHandler                        0x0800015f   Thumb Code     0  startup_stm32f10x_hd.o(.text)
    TIM1_BRK_IRQHandler                      0x0800015f   Thumb Code     0  startup_stm32f10x_hd.o(.text)
    TIM1_CC_IRQHandler                       0x0800015f   Thumb Code     0  startup_stm32f10x_hd.o(.text)
    TIM1_TRG_COM_IRQHandler                  0x0800015f   Thumb Code     0  startup_stm32f10x_hd.o(.text)
    TIM4_IRQHandler                          0x0800015f   Thumb Code     0  startup_stm32f10x_hd.o(.text)
    TIM5_IRQHandler                          0x0800015f   Thumb Code     0  startup_stm32f10x_hd.o(.text)
    TIM6_IRQHandler                          0x0800015f   Thumb Code     0  startup_stm32f10x_hd.o(.text)
    TIM7_IRQHandler                          0x0800015f   Thumb Code     0  startup_stm32f10x_hd.o(.text)
    TIM8_BRK_IRQHandler                      0x0800015f   Thumb Code     0  startup_stm32f10x_hd.o(.text)
    TIM8_CC_IRQHandler                       0x0800015f   Thumb Code     0  startup_stm32f10x_hd.o(.text)
    TIM8_TRG_COM_IRQHandler                  0x0800015f   Thumb Code     0  startup_stm32f10x_hd.o(.text)
    TIM8_UP_IRQHandler                       0x0800015f   Thumb Code     0  startup_stm32f10x_hd.o(.text)
    UART4_IRQHandler                         0x0800015f   Thumb Code     0  startup_stm32f10x_hd.o(.text)
    UART5_IRQHandler                         0x0800015f   Thumb Code     0  startup_stm32f10x_hd.o(.text)
    USBWakeUp_IRQHandler                     0x0800015f   Thumb Code     0  startup_stm32f10x_hd.o(.text)
    USB_HP_CAN1_TX_IRQHandler                0x0800015f   Thumb Code     0  startup_stm32f10x_hd.o(.text)
    USB_LP_CAN1_RX0_IRQHandler               0x0800015f   Thumb Code     0  startup_stm32f10x_hd.o(.text)
    WWDG_IRQHandler                          0x0800015f   Thumb Code     0  startup_stm32f10x_hd.o(.text)
    SystemInit                               0x08000247   Thumb Code    78  system_stm32f10x.o(.text)
    SystemCoreClockUpdate                    0x08000295   Thumb Code   142  system_stm32f10x.o(.text)
    NVIC_PriorityGroupConfig                 0x08000349   Thumb Code    10  misc.o(.text)
    NVIC_Init                                0x08000353   Thumb Code   100  misc.o(.text)
    NVIC_SetVectorTable                      0x080003b7   Thumb Code    14  misc.o(.text)
    NVIC_SystemLPConfig                      0x080003c5   Thumb Code    34  misc.o(.text)
    SysTick_CLKSourceConfig                  0x080003e7   Thumb Code    40  misc.o(.text)
    EXTI_DeInit                              0x08000425   Thumb Code    28  stm32f10x_exti.o(.text)
    EXTI_Init                                0x08000441   Thumb Code   142  stm32f10x_exti.o(.text)
    EXTI_StructInit                          0x080004cf   Thumb Code    16  stm32f10x_exti.o(.text)
    EXTI_GenerateSWInterrupt                 0x080004df   Thumb Code    16  stm32f10x_exti.o(.text)
    EXTI_GetFlagStatus                       0x080004ef   Thumb Code    22  stm32f10x_exti.o(.text)
    EXTI_ClearFlag                           0x08000505   Thumb Code     8  stm32f10x_exti.o(.text)
    EXTI_GetITStatus                         0x0800050d   Thumb Code    34  stm32f10x_exti.o(.text)
    EXTI_ClearITPendingBit                   0x0800052f   Thumb Code     8  stm32f10x_exti.o(.text)
    GPIO_DeInit                              0x08000541   Thumb Code   172  stm32f10x_gpio.o(.text)
    GPIO_AFIODeInit                          0x080005ed   Thumb Code    20  stm32f10x_gpio.o(.text)
    GPIO_Init                                0x08000601   Thumb Code   278  stm32f10x_gpio.o(.text)
    GPIO_StructInit                          0x08000717   Thumb Code    16  stm32f10x_gpio.o(.text)
    GPIO_ReadInputDataBit                    0x08000727   Thumb Code    18  stm32f10x_gpio.o(.text)
    GPIO_ReadInputData                       0x08000739   Thumb Code     8  stm32f10x_gpio.o(.text)
    GPIO_ReadOutputDataBit                   0x08000741   Thumb Code    18  stm32f10x_gpio.o(.text)
    GPIO_ReadOutputData                      0x08000753   Thumb Code     8  stm32f10x_gpio.o(.text)
    GPIO_SetBits                             0x0800075b   Thumb Code     4  stm32f10x_gpio.o(.text)
    GPIO_ResetBits                           0x0800075f   Thumb Code     4  stm32f10x_gpio.o(.text)
    GPIO_WriteBit                            0x08000763   Thumb Code    10  stm32f10x_gpio.o(.text)
    GPIO_Write                               0x0800076d   Thumb Code     4  stm32f10x_gpio.o(.text)
    GPIO_PinLockConfig                       0x08000771   Thumb Code    18  stm32f10x_gpio.o(.text)
    GPIO_EventOutputConfig                   0x08000783   Thumb Code    26  stm32f10x_gpio.o(.text)
    GPIO_EventOutputCmd                      0x0800079d   Thumb Code     6  stm32f10x_gpio.o(.text)
    GPIO_PinRemapConfig                      0x080007a3   Thumb Code   138  stm32f10x_gpio.o(.text)
    GPIO_EXTILineConfig                      0x0800082d   Thumb Code    66  stm32f10x_gpio.o(.text)
    GPIO_ETH_MediaInterfaceConfig            0x0800086f   Thumb Code     8  stm32f10x_gpio.o(.text)
    RCC_DeInit                               0x0800089d   Thumb Code    64  stm32f10x_rcc.o(.text)
    RCC_HSEConfig                            0x080008dd   Thumb Code    70  stm32f10x_rcc.o(.text)
    RCC_GetFlagStatus                        0x08000923   Thumb Code    56  stm32f10x_rcc.o(.text)
    RCC_WaitForHSEStartUp                    0x0800095b   Thumb Code    56  stm32f10x_rcc.o(.text)
    RCC_AdjustHSICalibrationValue            0x08000993   Thumb Code    20  stm32f10x_rcc.o(.text)
    RCC_HSICmd                               0x080009a7   Thumb Code     6  stm32f10x_rcc.o(.text)
    RCC_PLLConfig                            0x080009ad   Thumb Code    24  stm32f10x_rcc.o(.text)
    RCC_PLLCmd                               0x080009c5   Thumb Code     6  stm32f10x_rcc.o(.text)
    RCC_SYSCLKConfig                         0x080009cb   Thumb Code    18  stm32f10x_rcc.o(.text)
    RCC_GetSYSCLKSource                      0x080009dd   Thumb Code    10  stm32f10x_rcc.o(.text)
    RCC_HCLKConfig                           0x080009e7   Thumb Code    18  stm32f10x_rcc.o(.text)
    RCC_PCLK1Config                          0x080009f9   Thumb Code    18  stm32f10x_rcc.o(.text)
    RCC_PCLK2Config                          0x08000a0b   Thumb Code    20  stm32f10x_rcc.o(.text)
    RCC_ITConfig                             0x08000a1f   Thumb Code    26  stm32f10x_rcc.o(.text)
    RCC_USBCLKConfig                         0x08000a39   Thumb Code     8  stm32f10x_rcc.o(.text)
    RCC_ADCCLKConfig                         0x08000a41   Thumb Code    18  stm32f10x_rcc.o(.text)
    RCC_LSEConfig                            0x08000a53   Thumb Code    50  stm32f10x_rcc.o(.text)
    RCC_LSICmd                               0x08000a85   Thumb Code     6  stm32f10x_rcc.o(.text)
    RCC_RTCCLKConfig                         0x08000a8b   Thumb Code    12  stm32f10x_rcc.o(.text)
    RCC_RTCCLKCmd                            0x08000a97   Thumb Code     8  stm32f10x_rcc.o(.text)
    RCC_GetClocksFreq                        0x08000a9f   Thumb Code   192  stm32f10x_rcc.o(.text)
    RCC_AHBPeriphClockCmd                    0x08000b5f   Thumb Code    26  stm32f10x_rcc.o(.text)
    RCC_APB2PeriphClockCmd                   0x08000b79   Thumb Code    26  stm32f10x_rcc.o(.text)
    RCC_APB1PeriphClockCmd                   0x08000b93   Thumb Code    26  stm32f10x_rcc.o(.text)
    RCC_APB2PeriphResetCmd                   0x08000bad   Thumb Code    26  stm32f10x_rcc.o(.text)
    RCC_APB1PeriphResetCmd                   0x08000bc7   Thumb Code    26  stm32f10x_rcc.o(.text)
    RCC_BackupResetCmd                       0x08000be1   Thumb Code     8  stm32f10x_rcc.o(.text)
    RCC_ClockSecuritySystemCmd               0x08000be9   Thumb Code     6  stm32f10x_rcc.o(.text)
    RCC_MCOConfig                            0x08000bef   Thumb Code     6  stm32f10x_rcc.o(.text)
    RCC_ClearFlag                            0x08000bf5   Thumb Code    14  stm32f10x_rcc.o(.text)
    RCC_GetITStatus                          0x08000c03   Thumb Code    20  stm32f10x_rcc.o(.text)
    RCC_ClearITPendingBit                    0x08000c17   Thumb Code     6  stm32f10x_rcc.o(.text)
    TIM_DeInit                               0x08000c41   Thumb Code   424  stm32f10x_tim.o(.text)
    TIM_TimeBaseInit                         0x08000de9   Thumb Code   122  stm32f10x_tim.o(.text)
    TIM_OC1Init                              0x08000e63   Thumb Code   132  stm32f10x_tim.o(.text)
    TIM_OC2Init                              0x08000ee7   Thumb Code   154  stm32f10x_tim.o(.text)
    TIM_OC3Init                              0x08000f81   Thumb Code   150  stm32f10x_tim.o(.text)
    TIM_OC4Init                              0x08001017   Thumb Code   182  stm32f10x_tim.o(.text)
    TIM_SetIC4Prescaler                      0x080010cd   Thumb Code    26  stm32f10x_tim.o(.text)
    TIM_SetIC3Prescaler                      0x08001169   Thumb Code    18  stm32f10x_tim.o(.text)
    TIM_SetIC2Prescaler                      0x080011f5   Thumb Code    26  stm32f10x_tim.o(.text)
    TIM_SetIC1Prescaler                      0x08001291   Thumb Code    18  stm32f10x_tim.o(.text)
    TIM_ICInit                               0x0800130f   Thumb Code   150  stm32f10x_tim.o(.text)
    TIM_PWMIConfig                           0x080013a5   Thumb Code   124  stm32f10x_tim.o(.text)
    TIM_BDTRConfig                           0x08001421   Thumb Code    32  stm32f10x_tim.o(.text)
    TIM_TimeBaseStructInit                   0x08001441   Thumb Code    18  stm32f10x_tim.o(.text)
    TIM_OCStructInit                         0x08001453   Thumb Code    20  stm32f10x_tim.o(.text)
    TIM_ICStructInit                         0x08001467   Thumb Code    18  stm32f10x_tim.o(.text)
    TIM_BDTRStructInit                       0x08001479   Thumb Code    40  stm32f10x_tim.o(.text)
    TIM_Cmd                                  0x080014a1   Thumb Code    24  stm32f10x_tim.o(.text)
    TIM_CtrlPWMOutputs                       0x080014b9   Thumb Code    30  stm32f10x_tim.o(.text)
    TIM_ITConfig                             0x080014d7   Thumb Code    18  stm32f10x_tim.o(.text)
    TIM_GenerateEvent                        0x080014e9   Thumb Code     4  stm32f10x_tim.o(.text)
    TIM_DMAConfig                            0x080014ed   Thumb Code    10  stm32f10x_tim.o(.text)
    TIM_DMACmd                               0x080014f7   Thumb Code    18  stm32f10x_tim.o(.text)
    TIM_InternalClockConfig                  0x08001509   Thumb Code    12  stm32f10x_tim.o(.text)
    TIM_SelectInputTrigger                   0x08001515   Thumb Code    18  stm32f10x_tim.o(.text)
    TIM_ITRxExternalClockConfig              0x08001527   Thumb Code    24  stm32f10x_tim.o(.text)
    TIM_TIxExternalClockConfig               0x0800153f   Thumb Code    62  stm32f10x_tim.o(.text)
    TIM_ETRConfig                            0x0800157d   Thumb Code    28  stm32f10x_tim.o(.text)
    TIM_ETRClockMode1Config                  0x08001599   Thumb Code    54  stm32f10x_tim.o(.text)
    TIM_ETRClockMode2Config                  0x080015cf   Thumb Code    32  stm32f10x_tim.o(.text)
    TIM_PrescalerConfig                      0x080015ef   Thumb Code     6  stm32f10x_tim.o(.text)
    TIM_CounterModeConfig                    0x080015f5   Thumb Code    18  stm32f10x_tim.o(.text)
    TIM_EncoderInterfaceConfig               0x08001607   Thumb Code    66  stm32f10x_tim.o(.text)
    TIM_ForcedOC1Config                      0x08001649   Thumb Code    18  stm32f10x_tim.o(.text)
    TIM_ForcedOC2Config                      0x0800165b   Thumb Code    26  stm32f10x_tim.o(.text)
    TIM_ForcedOC3Config                      0x08001675   Thumb Code    18  stm32f10x_tim.o(.text)
    TIM_ForcedOC4Config                      0x08001687   Thumb Code    26  stm32f10x_tim.o(.text)
    TIM_ARRPreloadConfig                     0x080016a1   Thumb Code    24  stm32f10x_tim.o(.text)
    TIM_SelectCOM                            0x080016b9   Thumb Code    24  stm32f10x_tim.o(.text)
    TIM_SelectCCDMA                          0x080016d1   Thumb Code    24  stm32f10x_tim.o(.text)
    TIM_CCPreloadControl                     0x080016e9   Thumb Code    24  stm32f10x_tim.o(.text)
    TIM_OC1PreloadConfig                     0x08001701   Thumb Code    18  stm32f10x_tim.o(.text)
    TIM_OC2PreloadConfig                     0x08001713   Thumb Code    26  stm32f10x_tim.o(.text)
    TIM_OC3PreloadConfig                     0x0800172d   Thumb Code    18  stm32f10x_tim.o(.text)
    TIM_OC4PreloadConfig                     0x0800173f   Thumb Code    26  stm32f10x_tim.o(.text)
    TIM_OC1FastConfig                        0x08001759   Thumb Code    18  stm32f10x_tim.o(.text)
    TIM_OC2FastConfig                        0x0800176b   Thumb Code    26  stm32f10x_tim.o(.text)
    TIM_OC3FastConfig                        0x08001785   Thumb Code    18  stm32f10x_tim.o(.text)
    TIM_OC4FastConfig                        0x08001797   Thumb Code    26  stm32f10x_tim.o(.text)
    TIM_ClearOC1Ref                          0x080017b1   Thumb Code    18  stm32f10x_tim.o(.text)
    TIM_ClearOC2Ref                          0x080017c3   Thumb Code    24  stm32f10x_tim.o(.text)
    TIM_ClearOC3Ref                          0x080017db   Thumb Code    18  stm32f10x_tim.o(.text)
    TIM_ClearOC4Ref                          0x080017ed   Thumb Code    24  stm32f10x_tim.o(.text)
    TIM_OC1PolarityConfig                    0x08001805   Thumb Code    18  stm32f10x_tim.o(.text)
    TIM_OC1NPolarityConfig                   0x08001817   Thumb Code    18  stm32f10x_tim.o(.text)
    TIM_OC2PolarityConfig                    0x08001829   Thumb Code    26  stm32f10x_tim.o(.text)
    TIM_OC2NPolarityConfig                   0x08001843   Thumb Code    26  stm32f10x_tim.o(.text)
    TIM_OC3PolarityConfig                    0x0800185d   Thumb Code    26  stm32f10x_tim.o(.text)
    TIM_OC3NPolarityConfig                   0x08001877   Thumb Code    26  stm32f10x_tim.o(.text)
    TIM_OC4PolarityConfig                    0x08001891   Thumb Code    26  stm32f10x_tim.o(.text)
    TIM_CCxCmd                               0x080018ab   Thumb Code    30  stm32f10x_tim.o(.text)
    TIM_CCxNCmd                              0x080018c9   Thumb Code    30  stm32f10x_tim.o(.text)
    TIM_SelectOCxM                           0x080018e7   Thumb Code    82  stm32f10x_tim.o(.text)
    TIM_UpdateDisableConfig                  0x08001939   Thumb Code    24  stm32f10x_tim.o(.text)
    TIM_UpdateRequestConfig                  0x08001951   Thumb Code    24  stm32f10x_tim.o(.text)
    TIM_SelectHallSensor                     0x08001969   Thumb Code    24  stm32f10x_tim.o(.text)
    TIM_SelectOnePulseMode                   0x08001981   Thumb Code    18  stm32f10x_tim.o(.text)
    TIM_SelectOutputTrigger                  0x08001993   Thumb Code    18  stm32f10x_tim.o(.text)
    TIM_SelectSlaveMode                      0x080019a5   Thumb Code    18  stm32f10x_tim.o(.text)
    TIM_SelectMasterSlaveMode                0x080019b7   Thumb Code    18  stm32f10x_tim.o(.text)
    TIM_SetCounter                           0x080019c9   Thumb Code     4  stm32f10x_tim.o(.text)
    TIM_SetAutoreload                        0x080019cd   Thumb Code     4  stm32f10x_tim.o(.text)
    TIM_SetCompare1                          0x080019d1   Thumb Code     4  stm32f10x_tim.o(.text)
    TIM_SetCompare2                          0x080019d5   Thumb Code     4  stm32f10x_tim.o(.text)
    TIM_SetCompare3                          0x080019d9   Thumb Code     4  stm32f10x_tim.o(.text)
    TIM_SetCompare4                          0x080019dd   Thumb Code     6  stm32f10x_tim.o(.text)
    TIM_SetClockDivision                     0x080019e3   Thumb Code    18  stm32f10x_tim.o(.text)
    TIM_GetCapture1                          0x080019f5   Thumb Code     6  stm32f10x_tim.o(.text)
    TIM_GetCapture2                          0x080019fb   Thumb Code     6  stm32f10x_tim.o(.text)
    TIM_GetCapture3                          0x08001a01   Thumb Code     6  stm32f10x_tim.o(.text)
    TIM_GetCapture4                          0x08001a07   Thumb Code     8  stm32f10x_tim.o(.text)
    TIM_GetCounter                           0x08001a0f   Thumb Code     6  stm32f10x_tim.o(.text)
    TIM_GetPrescaler                         0x08001a15   Thumb Code     6  stm32f10x_tim.o(.text)
    TIM_GetFlagStatus                        0x08001a1b   Thumb Code    18  stm32f10x_tim.o(.text)
    TIM_ClearFlag                            0x08001a2d   Thumb Code     6  stm32f10x_tim.o(.text)
    TIM_GetITStatus                          0x08001a33   Thumb Code    34  stm32f10x_tim.o(.text)
    TIM_ClearITPendingBit                    0x08001a55   Thumb Code     6  stm32f10x_tim.o(.text)
    USART_DeInit                             0x08001a5d   Thumb Code   134  stm32f10x_usart.o(.text)
    USART_Init                               0x08001ae3   Thumb Code   210  stm32f10x_usart.o(.text)
    USART_StructInit                         0x08001bb5   Thumb Code    24  stm32f10x_usart.o(.text)
    USART_ClockInit                          0x08001bcd   Thumb Code    34  stm32f10x_usart.o(.text)
    USART_ClockStructInit                    0x08001bef   Thumb Code    12  stm32f10x_usart.o(.text)
    USART_Cmd                                0x08001bfb   Thumb Code    24  stm32f10x_usart.o(.text)
    USART_ITConfig                           0x08001c13   Thumb Code    74  stm32f10x_usart.o(.text)
    USART_DMACmd                             0x08001c5d   Thumb Code    18  stm32f10x_usart.o(.text)
    USART_SetAddress                         0x08001c6f   Thumb Code    18  stm32f10x_usart.o(.text)
    USART_WakeUpConfig                       0x08001c81   Thumb Code    18  stm32f10x_usart.o(.text)
    USART_ReceiverWakeUpCmd                  0x08001c93   Thumb Code    24  stm32f10x_usart.o(.text)
    USART_LINBreakDetectLengthConfig         0x08001cab   Thumb Code    18  stm32f10x_usart.o(.text)
    USART_LINCmd                             0x08001cbd   Thumb Code    24  stm32f10x_usart.o(.text)
    USART_SendData                           0x08001cd5   Thumb Code     8  stm32f10x_usart.o(.text)
    USART_ReceiveData                        0x08001cdd   Thumb Code    10  stm32f10x_usart.o(.text)
    USART_SendBreak                          0x08001ce7   Thumb Code    10  stm32f10x_usart.o(.text)
    USART_SetGuardTime                       0x08001cf1   Thumb Code    16  stm32f10x_usart.o(.text)
    USART_SetPrescaler                       0x08001d01   Thumb Code    16  stm32f10x_usart.o(.text)
    USART_SmartCardCmd                       0x08001d11   Thumb Code    24  stm32f10x_usart.o(.text)
    USART_SmartCardNACKCmd                   0x08001d29   Thumb Code    24  stm32f10x_usart.o(.text)
    USART_HalfDuplexCmd                      0x08001d41   Thumb Code    24  stm32f10x_usart.o(.text)
    USART_OverSampling8Cmd                   0x08001d59   Thumb Code    22  stm32f10x_usart.o(.text)
    USART_OneBitMethodCmd                    0x08001d6f   Thumb Code    24  stm32f10x_usart.o(.text)
    USART_IrDAConfig                         0x08001d87   Thumb Code    18  stm32f10x_usart.o(.text)
    USART_IrDACmd                            0x08001d99   Thumb Code    24  stm32f10x_usart.o(.text)
    USART_GetFlagStatus                      0x08001db1   Thumb Code    26  stm32f10x_usart.o(.text)
    USART_ClearFlag                          0x08001dcb   Thumb Code    18  stm32f10x_usart.o(.text)
    USART_GetITStatus                        0x08001ddd   Thumb Code    84  stm32f10x_usart.o(.text)
    USART_ClearITPendingBit                  0x08001e31   Thumb Code    52  stm32f10x_usart.o(.text)
    delay_ms                                 0x08001e65   Thumb Code    18  main.o(.text)
    delay_us                                 0x08001e77   Thumb Code    12  main.o(.text)
    main                                     0x08001e83   Thumb Code   410  main.o(.text)
    NMI_Handler                              0x08002121   Thumb Code     2  stm32f10x_it.o(.text)
    HardFault_Handler                        0x08002123   Thumb Code     4  stm32f10x_it.o(.text)
    MemManage_Handler                        0x08002127   Thumb Code     4  stm32f10x_it.o(.text)
    BusFault_Handler                         0x0800212b   Thumb Code     4  stm32f10x_it.o(.text)
    UsageFault_Handler                       0x0800212f   Thumb Code     4  stm32f10x_it.o(.text)
    SVC_Handler                              0x08002133   Thumb Code     2  stm32f10x_it.o(.text)
    DebugMon_Handler                         0x08002135   Thumb Code     2  stm32f10x_it.o(.text)
    PendSV_Handler                           0x08002137   Thumb Code     2  stm32f10x_it.o(.text)
    SysTick_Handler                          0x08002139   Thumb Code    40  stm32f10x_it.o(.text)
    EXTI1_IRQHandler                         0x08002161   Thumb Code   120  stm32f10x_it.o(.text)
    EXTI3_IRQHandler                         0x080021d9   Thumb Code    36  stm32f10x_it.o(.text)
    USART1_IRQHandler                        0x080021fd   Thumb Code   114  stm32f10x_it.o(.text)
    USART3_IRQHandler                        0x0800226f   Thumb Code   134  stm32f10x_it.o(.text)
    USART_Config                             0x08002363   Thumb Code   120  bsp_usart.o(.text)
    Usart_SendByte                           0x080023db   Thumb Code    30  bsp_usart.o(.text)
    Usart_SendString                         0x080023f9   Thumb Code    42  bsp_usart.o(.text)
    Usart_SendStr                            0x08002423   Thumb Code    50  bsp_usart.o(.text)
    Usart_SendHalfWord                       0x08002455   Thumb Code    60  bsp_usart.o(.text)
    fputc                                    0x08002491   Thumb Code    32  bsp_usart.o(.text)
    fgetc                                    0x080024b1   Thumb Code    26  bsp_usart.o(.text)
    OLED_WR_Byte                             0x080024d5   Thumb Code   108  oled.o(.text)
    OLED_Set_Pos                             0x08002541   Thumb Code    48  oled.o(.text)
    OLED_Display_On                          0x08002571   Thumb Code    28  oled.o(.text)
    OLED_Display_Off                         0x0800258d   Thumb Code    28  oled.o(.text)
    OLED_Clear                               0x080025a9   Thumb Code    64  oled.o(.text)
    OLED_ShowChar                            0x080025e9   Thumb Code   106  oled.o(.text)
    oled_pow                                 0x08002653   Thumb Code    22  oled.o(.text)
    OLED_ShowNum                             0x08002669   Thumb Code   132  oled.o(.text)
    OLED_ShowString                          0x080026ed   Thumb Code    54  oled.o(.text)
    OLED_ShowCHinese                         0x08002723   Thumb Code    98  oled.o(.text)
    OLED_DrawBMP                             0x08002785   Thumb Code   118  oled.o(.text)
    OLED_Init                                0x080027fb   Thumb Code   394  oled.o(.text)
    IrDa_Resive_Init                         0x080029c5   Thumb Code    72  exti.o(.text)
    IrDa2_Resive_Init                        0x08002a0d   Thumb Code    72  exti.o(.text)
    Ir_Tgs_Init                              0x08002a55   Thumb Code    34  exti.o(.text)
    IrDa_Resive_Open                         0x08002a77   Thumb Code    14  exti.o(.text)
    IrDa_Resive_Close                        0x08002a85   Thumb Code    16  exti.o(.text)
    time_delay                               0x08002a95   Thumb Code    32  exti.o(.text)
    TIM3_Cap_Init                            0x08002ac5   Thumb Code   160  timer.o(.text)
    TIM1_PWM_Init                            0x08002b65   Thumb Code   180  timer.o(.text)
    TIM2_PWM_Init                            0x08002c19   Thumb Code   202  timer.o(.text)
    TIM3_PWM_Init                            0x08002ce3   Thumb Code   198  timer.o(.text)
    TIM4_PWM_Init                            0x08002da9   Thumb Code   198  timer.o(.text)
    TIM1_External_Clock_CountingMode         0x08002e6f   Thumb Code   184  timer.o(.text)
    TIM2_External_Clock_CountingMode         0x08002f27   Thumb Code   160  timer.o(.text)
    TIM3_External_Clock_CountingMode         0x08002fc7   Thumb Code   150  timer.o(.text)
    TIM3_timer_Init                          0x0800305d   Thumb Code   100  timer.o(.text)
    TIM4_timer_Init                          0x080030c1   Thumb Code   102  timer.o(.text)
    TIM2_timer_Init                          0x08003127   Thumb Code   104  timer.o(.text)
    TIM1_UP_IRQHandler                       0x0800318f   Thumb Code    36  timer.o(.text)
    TIM2_IRQHandler                          0x080031b3   Thumb Code    36  timer.o(.text)
    time_fun                                 0x080031d7   Thumb Code    76  timer.o(.text)
    TIM3_IRQHandler                          0x08003223   Thumb Code    46  timer.o(.text)
    ESP8266_Init                             0x0800336b   Thumb Code    48  bsp_esp8266.o(.text)
    ESP8266_Rst                              0x080033db   Thumb Code    36  bsp_esp8266.o(.text)
    ESP8266_Cmd                              0x080033ff   Thumb Code   200  bsp_esp8266.o(.text)
    ESP8266_DHCP_CUR                         0x080034c7   Thumb Code    30  bsp_esp8266.o(.text)
    ESP8266_AT_Test                          0x080034e5   Thumb Code    80  bsp_esp8266.o(.text)
    ESP8266_Net_Mode_Choose                  0x08003535   Thumb Code    68  bsp_esp8266.o(.text)
    ESP8266_JoinAP                           0x08003579   Thumb Code    38  bsp_esp8266.o(.text)
    ESP8266_BuildAP                          0x0800359f   Thumb Code    42  bsp_esp8266.o(.text)
    ESP8266_Enable_MultipleId                0x080035c9   Thumb Code    42  bsp_esp8266.o(.text)
    ESP8266_Link_Server                      0x080035f3   Thumb Code   110  bsp_esp8266.o(.text)
    ESP8266_StartOrShutServer                0x08003661   Thumb Code   462  bsp_esp8266.o(.text)
    ESP8266_Get_LinkStatus                   0x0800382f   Thumb Code    66  bsp_esp8266.o(.text)
    ESP8266_Get_IdLinkStatus                 0x08003871   Thumb Code   128  bsp_esp8266.o(.text)
    ESP8266_Inquire_ApIp                     0x080038f1   Thumb Code    80  bsp_esp8266.o(.text)
    ESP8266_UnvarnishSend                    0x08003941   Thumb Code    42  bsp_esp8266.o(.text)
    ESP8266_ExitUnvarnishSend                0x0800396b   Thumb Code    24  bsp_esp8266.o(.text)
    ESP8266_SendString                       0x08003983   Thumb Code   102  bsp_esp8266.o(.text)
    ESP8266_ReceiveString                    0x080039e9   Thumb Code    88  bsp_esp8266.o(.text)
    Get_ESP82666_Cmd                         0x08003b45   Thumb Code   248  bsp_esp8266_test.o(.text)
    ESP8266_Cmd_2                            0x08003c3d   Thumb Code   200  bsp_esp8266_test.o(.text)
    ESP8266_EXIT_Test                        0x08003d05   Thumb Code   136  bsp_esp8266_test.o(.text)
    ESP8266_StaTcpClient_Unvarnish_ConfigTest 0x08003d8d   Thumb Code   144  bsp_esp8266_test.o(.text)
    ESP8266_SendDHT11DataTest                0x08003e1d   Thumb Code     2  bsp_esp8266_test.o(.text)
    ESP8266_MQTT_Send_Key                    0x08003e1f   Thumb Code     2  bsp_esp8266_test.o(.text)
    gps_uart_init                            0x08003f95   Thumb Code   170  bsp_gps.o(.text)
    GPS_PPS_Init                             0x0800405f   Thumb Code    80  bsp_gps.o(.text)
    EXTI9_5_IRQHandler                       0x080040af   Thumb Code    24  bsp_gps.o(.text)
    parse_latitude_longitude                 0x080040c7   Thumb Code   394  bsp_gps.o(.text)
    get_gps_time_date                        0x08004251   Thumb Code   712  bsp_gps.o(.text)
    USART2_IRQHandler                        0x08004519   Thumb Code   146  bsp_gps.o(.text)
    gps_time_sync_fun                        0x080045ab   Thumb Code    20  bsp_gps.o(.text)
    SysTick_Init                             0x08004629   Thumb Code   108  bsp_systick.o(.text)
    CPU_TS_TmrInit                           0x080046a1   Thumb Code    30  core_delay.o(.text)
    CPU_TS_TmrRd                             0x080046bf   Thumb Code     6  core_delay.o(.text)
    CPU_TS_Tmr_Delay_US                      0x080046c5   Thumb Code    72  core_delay.o(.text)
    USART_printf                             0x0800477f   Thumb Code   262  common.o(.text)
    __aeabi_memcpy                           0x08004885   Thumb Code    36  memcpya.o(.text)
    __aeabi_memcpy4                          0x08004885   Thumb Code     0  memcpya.o(.text)
    __aeabi_memcpy8                          0x08004885   Thumb Code     0  memcpya.o(.text)
    __aeabi_memset                           0x080048a9   Thumb Code    14  memseta.o(.text)
    __aeabi_memset4                          0x080048a9   Thumb Code     0  memseta.o(.text)
    __aeabi_memset8                          0x080048a9   Thumb Code     0  memseta.o(.text)
    __aeabi_memclr                           0x080048b7   Thumb Code     4  memseta.o(.text)
    __aeabi_memclr4                          0x080048b7   Thumb Code     0  memseta.o(.text)
    __aeabi_memclr8                          0x080048b7   Thumb Code     0  memseta.o(.text)
    _memset$wrapper                          0x080048bb   Thumb Code    18  memseta.o(.text)
    strstr                                   0x080048cd   Thumb Code    36  strstr.o(.text)
    strncmp                                  0x080048f1   Thumb Code    30  strncmp.o(.text)
    __0sscanf                                0x08004911   Thumb Code    48  __0sscanf.o(.text)
    _scanf_int                               0x08004949   Thumb Code   332  _scanf_int.o(.text)
    _scanf_real                              0x08004bbd   Thumb Code     0  scanf_fp.o(.text)
    _scanf_really_real                       0x08004bbd   Thumb Code   556  scanf_fp.o(.text)
    __aeabi_fadd                             0x08004df5   Thumb Code   164  fadd.o(.text)
    __aeabi_fsub                             0x08004e99   Thumb Code     6  fadd.o(.text)
    __aeabi_frsub                            0x08004e9f   Thumb Code     6  fadd.o(.text)
    __aeabi_fmul                             0x08004ea5   Thumb Code   100  fmul.o(.text)
    __aeabi_fdiv                             0x08004f09   Thumb Code   124  fdiv.o(.text)
    __aeabi_i2f                              0x08004f85   Thumb Code    18  fflti.o(.text)
    __aeabi_ui2f                             0x08004f97   Thumb Code    10  ffltui.o(.text)
    __aeabi_f2uiz                            0x08004fa1   Thumb Code    40  ffixui.o(.text)
    __aeabi_f2d                              0x08004fc9   Thumb Code    38  f2d.o(.text)
    __aeabi_uidiv                            0x08004fef   Thumb Code     0  uidiv.o(.text)
    __aeabi_uidivmod                         0x08004fef   Thumb Code    44  uidiv.o(.text)
    __aeabi_uldivmod                         0x0800501b   Thumb Code    98  uldiv.o(.text)
    _chval                                   0x0800507d   Thumb Code    28  _chval.o(.text)
    __vfscanf_char                           0x080050a5   Thumb Code    20  scanf_char.o(.text)
    _sgetc                                   0x080050c1   Thumb Code    30  _sgetc.o(.text)
    _sbackspace                              0x080050df   Thumb Code    34  _sgetc.o(.text)
    __I$use$fp                               0x08005101   Thumb Code     0  iusefp.o(.text)
    _float_round                             0x08005101   Thumb Code    18  fepilogue.o(.text)
    _float_epilogue                          0x08005113   Thumb Code    92  fepilogue.o(.text)
    __aeabi_dadd                             0x0800516f   Thumb Code   322  dadd.o(.text)
    __aeabi_dsub                             0x080052b1   Thumb Code     6  dadd.o(.text)
    __aeabi_drsub                            0x080052b7   Thumb Code     6  dadd.o(.text)
    __aeabi_dmul                             0x080052bd   Thumb Code   228  dmul.o(.text)
    __aeabi_ddiv                             0x080053a1   Thumb Code   222  ddiv.o(.text)
    __aeabi_ul2d                             0x0800547f   Thumb Code    24  dfltul.o(.text)
    __aeabi_d2ulz                            0x08005497   Thumb Code    48  dfixul.o(.text)
    __aeabi_cdrcmple                         0x080054c9   Thumb Code    48  cdrcmple.o(.text)
    __aeabi_d2f                              0x080054f9   Thumb Code    56  d2f.o(.text)
    __scatterload                            0x08005531   Thumb Code    28  init.o(.text)
    __scatterload_rt2                        0x08005531   Thumb Code     0  init.o(.text)
    __aeabi_llsl                             0x08005555   Thumb Code    30  llshl.o(.text)
    _ll_shift_l                              0x08005555   Thumb Code     0  llshl.o(.text)
    __aeabi_llsr                             0x08005573   Thumb Code    32  llushr.o(.text)
    _ll_ushift_r                             0x08005573   Thumb Code     0  llushr.o(.text)
    __aeabi_lasr                             0x08005593   Thumb Code    36  llsshr.o(.text)
    _ll_sshift_r                             0x08005593   Thumb Code     0  llsshr.o(.text)
    isspace                                  0x080055b7   Thumb Code    10  isspace_c.o(.text)
    __vfscanf                                0x080055c1   Thumb Code   808  _scanf.o(.text)
    _double_round                            0x080058ed   Thumb Code    30  depilogue.o(.text)
    _double_epilogue                         0x0800590b   Thumb Code   156  depilogue.o(.text)
    __ctype_lookup                           0x080059a9   Thumb Code    34  ctype_c.o(.text)
    __decompress                             0x080059d1   Thumb Code     0  __dczerorl2.o(.text)
    __decompress1                            0x080059d1   Thumb Code    86  __dczerorl2.o(.text)
    __0printf                                0x08005a29   Thumb Code    22  printfa.o(i.__0printf)
    __1printf                                0x08005a29   Thumb Code     0  printfa.o(i.__0printf)
    __2printf                                0x08005a29   Thumb Code     0  printfa.o(i.__0printf)
    __c89printf                              0x08005a29   Thumb Code     0  printfa.o(i.__0printf)
    printf                                   0x08005a29   Thumb Code     0  printfa.o(i.__0printf)
    __0sprintf                               0x08005a49   Thumb Code    34  printfa.o(i.__0sprintf)
    __1sprintf                               0x08005a49   Thumb Code     0  printfa.o(i.__0sprintf)
    __2sprintf                               0x08005a49   Thumb Code     0  printfa.o(i.__0sprintf)
    __c89sprintf                             0x08005a49   Thumb Code     0  printfa.o(i.__0sprintf)
    sprintf                                  0x08005a49   Thumb Code     0  printfa.o(i.__0sprintf)
    __scatterload_copy                       0x08005a71   Thumb Code    14  handlers.o(i.__scatterload_copy)
    __scatterload_null                       0x08005a7f   Thumb Code     2  handlers.o(i.__scatterload_null)
    __scatterload_zeroinit                   0x08005a81   Thumb Code    14  handlers.o(i.__scatterload_zeroinit)
    _is_digit                                0x08005c15   Thumb Code    14  scanf_fp.o(i._is_digit)
    floor                                    0x0800635d   Thumb Code   204  floor.o(i.floor)
    F6x8                                     0x08006438   Data         552  oled.o(.constdata)
    F8X16                                    0x08006660   Data        1520  oled.o(.constdata)
    __ctype_categories                       0x08006c50   Data          64  ctype_c.o(.constdata)
    Region$$Table$$Base                      0x08006cec   Number         0  anon$$obj.o(Region$$Table)
    Region$$Table$$Limit                     0x08006d0c   Number         0  anon$$obj.o(Region$$Table)
    SystemCoreClock                          0x20000000   Data           4  system_stm32f10x.o(.data)
    AHBPrescTable                            0x20000004   Data          16  system_stm32f10x.o(.data)
    get_key_volue                            0x20000028   Data           1  main.o(.data)
    sys_run_mode                             0x20000029   Data           1  main.o(.data)
    gps_send_pps_buff                        0x2000002a   Data          28  main.o(.data)
    esp8266_upload_buff                      0x20000046   Data          26  main.o(.data)
    sys_loop_cnt                             0x20000060   Data           2  main.o(.data)
    heart_task_time                          0x20000064   Data           2  stm32f10x_it.o(.data)
    publish_task_time                        0x20000066   Data           2  stm32f10x_it.o(.data)
    ir1_check_flag                           0x20000068   Data           1  stm32f10x_it.o(.data)
    ir2_check_flag                           0x20000069   Data           1  stm32f10x_it.o(.data)
    time_irq_cnt                             0x2000006c   Data           4  stm32f10x_it.o(.data)
    get_freq                                 0x20000070   Data           4  stm32f10x_it.o(.data)
    Hzk                                      0x20000074   Data         448  oled.o(.data)
    hours                                    0x20000234   Data           1  timer.o(.data)
    fen                                      0x20000235   Data           1  timer.o(.data)
    miao                                     0x20000236   Data           1  timer.o(.data)
    time_50ms_irq_cnt                        0x20000238   Data           4  timer.o(.data)
    ledCmd                                   0x2000023c   Data          32  bsp_esp8266_test.o(.data)
    ucTcpClosedFlag                          0x2000025c   Data           1  bsp_esp8266_test.o(.data)
    gps_get_time_date_flag                   0x20000260   Data           1  bsp_gps.o(.data)
    gps_time_sync_cnt                        0x20000262   Data           2  bsp_gps.o(.data)
    gps_pps_flag                             0x20000264   Data           1  bsp_gps.o(.data)
    usart2_resive_dat_buf_len                0x20000266   Data           2  bsp_gps.o(.data)
    usart2_resive_point_cnt                  0x20000268   Data           2  bsp_gps.o(.data)
    STM32_1s_clock_cnt                       0x2000026c   Data           4  bsp_gps.o(.data)
    SX1278_Send_Buff                         0x20000270   Data           4  bsp_gps.o(.data)
    __stdout                                 0x20000274   Data           4  stdout.o(.data)
    str_buff                                 0x20000278   Data         300  main.o(.bss)
    TIM3_ICInitStructure                     0x200003a4   Data          10  timer.o(.bss)
    strEsp8266_Fram_Record                   0x200003ae   Data        1026  bsp_esp8266.o(.bss)
    strUSART_Fram_Record                     0x200007b0   Data        1026  bsp_esp8266.o(.bss)
    gps_time                                 0x20000bb4   Data          20  bsp_gps.o(.bss)
    usart2_resive_dat_buff                   0x20000bc8   Data         500  bsp_gps.o(.bss)
    __initial_sp                             0x200011c0   Data           0  startup_stm32f10x_hd.o(STACK)



==============================================================================

Memory Map of the image

  Image Entry point : 0x08000131

  Load Region LR_IROM1 (Base: 0x08000000, Size: 0x00006f84, Max: 0x00010000, ABSOLUTE, COMPRESSED[0x00006e20])

    Execution Region ER_IROM1 (Exec base: 0x08000000, Load base: 0x08000000, Size: 0x00006d0c, Max: 0x00010000, ABSOLUTE)

    Exec Addr    Load Addr    Size         Type   Attr      Idx    E Section Name        Object

    0x08000000   0x08000000   0x00000130   Data   RO            3    RESET               startup_stm32f10x_hd.o
    0x08000130   0x08000130   0x00000000   Code   RO          719  * .ARM.Collect$$$$00000000  mc_w.l(entry.o)
    0x08000130   0x08000130   0x00000004   Code   RO         1015    .ARM.Collect$$$$00000001  mc_w.l(entry2.o)
    0x08000134   0x08000134   0x00000004   Code   RO         1018    .ARM.Collect$$$$00000004  mc_w.l(entry5.o)
    0x08000138   0x08000138   0x00000000   Code   RO         1020    .ARM.Collect$$$$00000008  mc_w.l(entry7b.o)
    0x08000138   0x08000138   0x00000000   Code   RO         1022    .ARM.Collect$$$$0000000A  mc_w.l(entry8b.o)
    0x08000138   0x08000138   0x00000008   Code   RO         1023    .ARM.Collect$$$$0000000B  mc_w.l(entry9a.o)
    0x08000140   0x08000140   0x00000000   Code   RO         1025    .ARM.Collect$$$$0000000D  mc_w.l(entry10a.o)
    0x08000140   0x08000140   0x00000000   Code   RO         1027    .ARM.Collect$$$$0000000F  mc_w.l(entry11a.o)
    0x08000140   0x08000140   0x00000004   Code   RO         1016    .ARM.Collect$$$$00002712  mc_w.l(entry2.o)
    0x08000144   0x08000144   0x00000024   Code   RO            4    .text               startup_stm32f10x_hd.o
    0x08000168   0x08000168   0x000001e0   Code   RO           24    .text               system_stm32f10x.o
    0x08000348   0x08000348   0x000000dc   Code   RO           70    .text               misc.o
    0x08000424   0x08000424   0x0000011c   Code   RO          206    .text               stm32f10x_exti.o
    0x08000540   0x08000540   0x0000035c   Code   RO          248    .text               stm32f10x_gpio.o
    0x0800089c   0x0800089c   0x000003a4   Code   RO          305    .text               stm32f10x_rcc.o
    0x08000c40   0x08000c40   0x00000e1a   Code   RO          364    .text               stm32f10x_tim.o
    0x08001a5a   0x08001a5a   0x00000002   PAD
    0x08001a5c   0x08001a5c   0x00000408   Code   RO          376    .text               stm32f10x_usart.o
    0x08001e64   0x08001e64   0x000002bc   Code   RO          403    .text               main.o
    0x08002120   0x08002120   0x00000224   Code   RO          472    .text               stm32f10x_it.o
    0x08002344   0x08002344   0x00000190   Code   RO          514    .text               bsp_usart.o
    0x080024d4   0x080024d4   0x000004b0   Code   RO          526    .text               oled.o
    0x08002984   0x08002984   0x00000140   Code   RO          563    .text               exti.o
    0x08002ac4   0x08002ac4   0x000007b0   Code   RO          578    .text               timer.o
    0x08003274   0x08003274   0x000008d0   Code   RO          595    .text               bsp_esp8266.o
    0x08003b44   0x08003b44   0x00000450   Code   RO          613    .text               bsp_esp8266_test.o
    0x08003f94   0x08003f94   0x00000694   Code   RO          640    .text               bsp_gps.o
    0x08004628   0x08004628   0x00000078   Code   RO          672    .text               bsp_systick.o
    0x080046a0   0x080046a0   0x0000007c   Code   RO          688    .text               core_delay.o
    0x0800471c   0x0800471c   0x00000168   Code   RO          700    .text               common.o
    0x08004884   0x08004884   0x00000024   Code   RO          722    .text               mc_w.l(memcpya.o)
    0x080048a8   0x080048a8   0x00000024   Code   RO          724    .text               mc_w.l(memseta.o)
    0x080048cc   0x080048cc   0x00000024   Code   RO          726    .text               mc_w.l(strstr.o)
    0x080048f0   0x080048f0   0x0000001e   Code   RO          728    .text               mc_w.l(strncmp.o)
    0x0800490e   0x0800490e   0x00000002   PAD
    0x08004910   0x08004910   0x00000038   Code   RO          993    .text               mc_w.l(__0sscanf.o)
    0x08004948   0x08004948   0x0000014c   Code   RO          995    .text               mc_w.l(_scanf_int.o)
    0x08004a94   0x08004a94   0x00000360   Code   RO          997    .text               mc_w.l(scanf_fp.o)
    0x08004df4   0x08004df4   0x000000b0   Code   RO         1001    .text               mf_w.l(fadd.o)
    0x08004ea4   0x08004ea4   0x00000064   Code   RO         1003    .text               mf_w.l(fmul.o)
    0x08004f08   0x08004f08   0x0000007c   Code   RO         1005    .text               mf_w.l(fdiv.o)
    0x08004f84   0x08004f84   0x00000012   Code   RO         1007    .text               mf_w.l(fflti.o)
    0x08004f96   0x08004f96   0x0000000a   Code   RO         1009    .text               mf_w.l(ffltui.o)
    0x08004fa0   0x08004fa0   0x00000028   Code   RO         1011    .text               mf_w.l(ffixui.o)
    0x08004fc8   0x08004fc8   0x00000026   Code   RO         1013    .text               mf_w.l(f2d.o)
    0x08004fee   0x08004fee   0x0000002c   Code   RO         1030    .text               mc_w.l(uidiv.o)
    0x0800501a   0x0800501a   0x00000062   Code   RO         1032    .text               mc_w.l(uldiv.o)
    0x0800507c   0x0800507c   0x0000001c   Code   RO         1034    .text               mc_w.l(_chval.o)
    0x08005098   0x08005098   0x00000028   Code   RO         1036    .text               mc_w.l(scanf_char.o)
    0x080050c0   0x080050c0   0x00000040   Code   RO         1038    .text               mc_w.l(_sgetc.o)
    0x08005100   0x08005100   0x00000000   Code   RO         1040    .text               mc_w.l(iusefp.o)
    0x08005100   0x08005100   0x0000006e   Code   RO         1041    .text               mf_w.l(fepilogue.o)
    0x0800516e   0x0800516e   0x0000014e   Code   RO         1043    .text               mf_w.l(dadd.o)
    0x080052bc   0x080052bc   0x000000e4   Code   RO         1045    .text               mf_w.l(dmul.o)
    0x080053a0   0x080053a0   0x000000de   Code   RO         1047    .text               mf_w.l(ddiv.o)
    0x0800547e   0x0800547e   0x00000018   Code   RO         1049    .text               mf_w.l(dfltul.o)
    0x08005496   0x08005496   0x00000030   Code   RO         1051    .text               mf_w.l(dfixul.o)
    0x080054c6   0x080054c6   0x00000002   PAD
    0x080054c8   0x080054c8   0x00000030   Code   RO         1053    .text               mf_w.l(cdrcmple.o)
    0x080054f8   0x080054f8   0x00000038   Code   RO         1055    .text               mf_w.l(d2f.o)
    0x08005530   0x08005530   0x00000024   Code   RO         1057    .text               mc_w.l(init.o)
    0x08005554   0x08005554   0x0000001e   Code   RO         1059    .text               mc_w.l(llshl.o)
    0x08005572   0x08005572   0x00000020   Code   RO         1061    .text               mc_w.l(llushr.o)
    0x08005592   0x08005592   0x00000024   Code   RO         1063    .text               mc_w.l(llsshr.o)
    0x080055b6   0x080055b6   0x0000000a   Code   RO         1065    .text               mc_w.l(isspace_c.o)
    0x080055c0   0x080055c0   0x0000032c   Code   RO         1067    .text               mc_w.l(_scanf.o)
    0x080058ec   0x080058ec   0x000000ba   Code   RO         1069    .text               mf_w.l(depilogue.o)
    0x080059a6   0x080059a6   0x00000002   PAD
    0x080059a8   0x080059a8   0x00000028   Code   RO         1071    .text               mc_w.l(ctype_c.o)
    0x080059d0   0x080059d0   0x00000056   Code   RO         1082    .text               mc_w.l(__dczerorl2.o)
    0x08005a26   0x08005a26   0x00000002   PAD
    0x08005a28   0x08005a28   0x00000020   Code   RO          965    i.__0printf         mc_w.l(printfa.o)
    0x08005a48   0x08005a48   0x00000028   Code   RO          967    i.__0sprintf        mc_w.l(printfa.o)
    0x08005a70   0x08005a70   0x0000000e   Code   RO         1076    i.__scatterload_copy  mc_w.l(handlers.o)
    0x08005a7e   0x08005a7e   0x00000002   Code   RO         1077    i.__scatterload_null  mc_w.l(handlers.o)
    0x08005a80   0x08005a80   0x0000000e   Code   RO         1078    i.__scatterload_zeroinit  mc_w.l(handlers.o)
    0x08005a8e   0x08005a8e   0x00000002   PAD
    0x08005a90   0x08005a90   0x00000184   Code   RO          972    i._fp_digits        mc_w.l(printfa.o)
    0x08005c14   0x08005c14   0x0000000e   Code   RO          999    i._is_digit         mc_w.l(scanf_fp.o)
    0x08005c22   0x08005c22   0x00000002   PAD
    0x08005c24   0x08005c24   0x000006dc   Code   RO          973    i._printf_core      mc_w.l(printfa.o)
    0x08006300   0x08006300   0x00000024   Code   RO          974    i._printf_post_padding  mc_w.l(printfa.o)
    0x08006324   0x08006324   0x0000002e   Code   RO          975    i._printf_pre_padding  mc_w.l(printfa.o)
    0x08006352   0x08006352   0x0000000a   Code   RO          977    i._sputc            mc_w.l(printfa.o)
    0x0800635c   0x0800635c   0x000000dc   Code   RO          716    i.floor             m_ws.l(floor.o)
    0x08006438   0x08006438   0x00000818   Data   RO          527    .constdata          oled.o
    0x08006c50   0x08006c50   0x00000040   Data   RO         1072    .constdata          mc_w.l(ctype_c.o)
    0x08006c90   0x08006c90   0x0000005b   Data   RO          615    .conststring        bsp_esp8266_test.o
    0x08006ceb   0x08006ceb   0x00000001   PAD
    0x08006cec   0x08006cec   0x00000020   Data   RO         1074    Region$$Table       anon$$obj.o


    Execution Region RW_IRAM1 (Exec base: 0x20000000, Load base: 0x08006d0c, Size: 0x000011c0, Max: 0x00005000, ABSOLUTE, COMPRESSED[0x00000114])

    Exec Addr    Load Addr    Size         Type   Attr      Idx    E Section Name        Object

    0x20000000   COMPRESSED   0x00000014   Data   RW           25    .data               system_stm32f10x.o
    0x20000014   COMPRESSED   0x00000014   Data   RW          306    .data               stm32f10x_rcc.o
    0x20000028   COMPRESSED   0x0000003a   Data   RW          405    .data               main.o
    0x20000062   COMPRESSED   0x00000002   PAD
    0x20000064   COMPRESSED   0x00000010   Data   RW          473    .data               stm32f10x_it.o
    0x20000074   COMPRESSED   0x000001c0   Data   RW          528    .data               oled.o
    0x20000234   COMPRESSED   0x00000008   Data   RW          580    .data               timer.o
    0x2000023c   COMPRESSED   0x00000021   Data   RW          616    .data               bsp_esp8266_test.o
    0x2000025d   COMPRESSED   0x00000003   PAD
    0x20000260   COMPRESSED   0x00000014   Data   RW          642    .data               bsp_gps.o
    0x20000274   COMPRESSED   0x00000004   Data   RW         1029    .data               mc_w.l(stdout.o)
    0x20000278        -       0x0000012c   Zero   RW          404    .bss                main.o
    0x200003a4        -       0x0000000a   Zero   RW          579    .bss                timer.o
    0x200003ae        -       0x00000804   Zero   RW          596    .bss                bsp_esp8266.o
    0x20000bb2   COMPRESSED   0x00000002   PAD
    0x20000bb4        -       0x00000208   Zero   RW          641    .bss                bsp_gps.o
    0x20000dbc   COMPRESSED   0x00000004   PAD
    0x20000dc0        -       0x00000400   Zero   RW            1    STACK               startup_stm32f10x_hd.o


==============================================================================

Image component sizes


      Code (inc. data)   RO Data    RW Data    ZI Data      Debug   Object Name

      2256        608          0          0       2052       9103   bsp_esp8266.o
      1104        380         91         33          0       3055   bsp_esp8266_test.o
      1684        206          0         20        520       5263   bsp_gps.o
       120         12          0          0          0      15762   bsp_systick.o
       400         10          0          0          0       2568   bsp_usart.o
       360          0          0          0          0       2283   common.o
         0          0          0          0          0       4508   core_cm3.o
       124         16          0          0          0        922   core_delay.o
       320         16          0          0          0       1691   exti.o
       700        260          0         58        300       4656   main.o
       220         22          0          0          0       1773   misc.o
      1200         24       2072        448          0       4797   oled.o
        36          8        304          0       1024        840   startup_stm32f10x_hd.o
       284         10          0          0          0       2227   stm32f10x_exti.o
       860         38          0          0          0       5701   stm32f10x_gpio.o
       548         80          0         16          0       2488   stm32f10x_it.o
       932         36          0         20          0       8856   stm32f10x_rcc.o
      3610         88          0          0          0      22812   stm32f10x_tim.o
      1032         22          0          0          0       8428   stm32f10x_usart.o
       480         38          0         20          0     250847   system_stm32f10x.o
      1968         60          0          8         10       5311   timer.o

    ----------------------------------------------------------------------
     18240       1934       2500        628       3912     363891   Object Totals
         0          0         32          0          0          0   (incl. Generated)
         2          0          1          5          6          0   (incl. Padding)

    ----------------------------------------------------------------------

      Code (inc. data)   RO Data    RW Data    ZI Data      Debug   Library Member Name

       220         16          0          0          0         84   floor.o
        56          8          0          0          0         84   __0sscanf.o
        86          0          0          0          0          0   __dczerorl2.o
        28          0          0          0          0         68   _chval.o
       812          4          0          0          0        112   _scanf.o
       332          0          0          0          0         96   _scanf_int.o
        64          0          0          0          0         84   _sgetc.o
        40          6         64          0          0         68   ctype_c.o
         0          0          0          0          0          0   entry.o
         0          0          0          0          0          0   entry10a.o
         0          0          0          0          0          0   entry11a.o
         8          4          0          0          0          0   entry2.o
         4          0          0          0          0          0   entry5.o
         0          0          0          0          0          0   entry7b.o
         0          0          0          0          0          0   entry8b.o
         8          4          0          0          0          0   entry9a.o
        30          0          0          0          0          0   handlers.o
        36          8          0          0          0         68   init.o
        10          0          0          0          0         68   isspace_c.o
         0          0          0          0          0          0   iusefp.o
        30          0          0          0          0         68   llshl.o
        36          0          0          0          0         68   llsshr.o
        32          0          0          0          0         68   llushr.o
        36          0          0          0          0         68   memcpya.o
        36          0          0          0          0        108   memseta.o
      2308         96          0          0          0        604   printfa.o
        40          8          0          0          0         84   scanf_char.o
       878         12          0          0          0        216   scanf_fp.o
         0          0          0          4          0          0   stdout.o
        30          0          0          0          0         80   strncmp.o
        36          0          0          0          0         80   strstr.o
        44          0          0          0          0         80   uidiv.o
        98          0          0          0          0         92   uldiv.o
        48          0          0          0          0         68   cdrcmple.o
        56          0          0          0          0         88   d2f.o
       334          0          0          0          0        148   dadd.o
       222          0          0          0          0        100   ddiv.o
       186          0          0          0          0        176   depilogue.o
        48          0          0          0          0         68   dfixul.o
        24          0          0          0          0         76   dfltul.o
       228          0          0          0          0         96   dmul.o
        38          0          0          0          0         68   f2d.o
       176          0          0          0          0        140   fadd.o
       124          0          0          0          0         88   fdiv.o
       110          0          0          0          0        168   fepilogue.o
        40          0          0          0          0         68   ffixui.o
        18          0          0          0          0         68   fflti.o
        10          0          0          0          0         68   ffltui.o
       100          0          0          0          0         76   fmul.o

    ----------------------------------------------------------------------
      7112        166         64          4          0       3912   Library Totals
        12          0          0          0          0          0   (incl. Padding)

    ----------------------------------------------------------------------

      Code (inc. data)   RO Data    RW Data    ZI Data      Debug   Library Name

       220         16          0          0          0         84   m_ws.l
      5118        150         64          4          0       2264   mc_w.l
      1762          0          0          0          0       1564   mf_w.l

    ----------------------------------------------------------------------
      7112        166         64          4          0       3912   Library Totals

    ----------------------------------------------------------------------

==============================================================================


      Code (inc. data)   RO Data    RW Data    ZI Data      Debug   

     25352       2100       2564        632       3912     364083   Grand Totals
     25352       2100       2564        276       3912     364083   ELF Image Totals (compressed)
     25352       2100       2564        276          0          0   ROM Totals

==============================================================================

    Total RO  Size (Code + RO Data)                27916 (  27.26kB)
    Total RW  Size (RW Data + ZI Data)              4544 (   4.44kB)
    Total ROM Size (Code + RO Data + RW Data)      28192 (  27.53kB)

==============================================================================

